[www.aardvarkbookclub.com/index.html]
[backblue.gif]
[fade.gif]
[index.html]
[cdn.prod.website-files.com/696173cb00865d1b386e4af8/css/aardvark-book-club.webflow.shared.dda91abc7.min.css]
[cdn.prod.website-files.com/696173cb00865d1b386e4af8/6964eed88dbc1c6e91f97892_aardvark-favicon-small.png]
[cdn.prod.website-files.com/696173cb00865d1b386e4af8/6964eeda1d51babc091ae6e7_aardvark-favicon-big.png]
[slater.app/18601/54934.css]
[cdn.jsdelivr.net/npm/lenis@1.3.17/dist/lenis.css]
[cdn.prod.website-files.com/696173cb00865d1b386e4af8/696179694070e2fa9eca375f_logo.svg]
[www.aardvarkbookclub.com/allbooks.html]
[www.aardvarkbookclub.com/gifting.html]
[www.aardvarkbookclub.com/faq.html]
[cdn.prod.website-files.com/696173cb00865d1b386e4af8/69b9afc474f523151b7c0941_package-visual.webp]
[cdn.prod.website-files.com/69a33078e92fb49d85319481/6a6d0015e37bda47c8608621_specialatradeofblood.png]
[www.aardvarkbookclub.com/books/a-trade-of-blood.html]
[cdn.prod.website-files.com/69a33078e92fb49d85319481/6a6d0329a00b6ea19f0bc1fd_specialadropofcorruption.png]
[www.aardvarkbookclub.com/books/a-drop-of-corruption-reprint.html]
[cdn.prod.website-files.com/69a33078e92fb49d85319481/6a6d04d180929354699c98cd_specialthetaintedcup.png]
[www.aardvarkbookclub.com/books/the-tainted-cup-reprint2.html]
[cdn.prod.website-files.com/69a33078e92fb49d85319481/6a6d05bfa2e5534fee5dcb39_thewomeninwhite2.png]
[www.aardvarkbookclub.com/books/the-women-in-white.html]
[cdn.prod.website-files.com/69a33078e92fb49d85319481/6a6d0864eec344a63b6ef9c3_theintrigue2.png]
[www.aardvarkbookclub.com/books/the-intrigue.html]
[cdn.prod.website-files.com/69a33078e92fb49d85319481/6a6d09b97382a4796ce87054_earlyreleaseshesadoll.png]
[www.aardvarkbookclub.com/books/shes-a-doll.html]
[cdn.prod.website-files.com/69a33078e92fb49d85319481/6a6d0af67382a4796ce8ff87_signedlostandfound.png]
[www.aardvarkbookclub.com/books/lost-and-found.html]
[cdn.prod.website-files.com/69a33078e92fb49d85319481/6a6d0c5059f46eb962abf8a6_countrypeople2.png]
[www.aardvarkbookclub.com/books/country-people.html]
[cdn.prod.website-files.com/696173cb00865d1b386e4af8/696a059da09e3c123fba6a5a_logo-circle.svg]
[cdn.prod.website-files.com/696173cb00865d1b386e4af8/69849eba6ebf97ec498a7a57_01_step-illustration.webp]
[cdn.prod.website-files.com/696173cb00865d1b386e4af8/69849eba1f866c516a514ade_02_step-illustration.webp]
[cdn.prod.website-files.com/696173cb00865d1b386e4af8/69849ebaea8f91077664d474_03_step-illustration.webp]
[cdn.prod.website-files.com/696173cb00865d1b386e4af8/6a354b17bd64236c99a93c7e_Step Illustration.webp]
[cdn.prod.website-files.com/696173cb00865d1b386e4af8/69c6d9f6cb0f4ec3190ce451_box-title.svg]
[cdn.prod.website-files.com/696173cb00865d1b386e4af8/69960373d1c35e0dd8ec560d_button-app-store.svg]
[cdn.prod.website-files.com/696173cb00865d1b386e4af8/6996037302aa4574b3eecab8_button-google-play.svg]
[cdn.prod.website-files.com/696173cb00865d1b386e4af8/6a316546fcc3632be3a0f631_japanesegothic.webp]
[cdn.prod.website-files.com/696173cb00865d1b386e4af8/6a316572391c18aa5ca121b3_saltcrop-350x538.webp]
[cdn.prod.website-files.com/696173cb00865d1b386e4af8/6a31658aa896f279bb1b1761_starshipped-350x538.webp]
[cdn.prod.website-files.com/696173cb00865d1b386e4af8/6a3165abaf88f7e3504d41e2_adrift-350x538.webp]
[cdn.prod.website-files.com/696173cb00865d1b386e4af8/6a3165c03a6358bb05f283c8_dearmonicalewinsky.webp]
[cdn.prod.website-files.com/696173cb00865d1b386e4af8/6a3165ee2ca8f8e5f54f8384_theredwinter-350x538.webp]
[cdn.prod.website-files.com/696173cb00865d1b386e4af8/6a316608338869b1a00104ab_spoiledmilk-350x538.webp]
[cdn.prod.website-files.com/696173cb00865d1b386e4af8/6a31661e8c0a3cf2c071fa24_oursisterskeeper.webp]
[cdn.prod.website-files.com/696173cb00865d1b386e4af8/6a316635dba5fe3b394caeab_soundslikelove-1-350x538.webp]
[cdn.prod.website-files.com/696173cb00865d1b386e4af8/6a31665934faab6442519ffe_lovebythebook.webp]
[cdn.prod.website-files.com/696173cb00865d1b386e4af8/6a31cc1f142c8b52680233ed_girlsgirlold.webp]
[cdn.prod.website-files.com/696173cb00865d1b386e4af8/6a31b0d4bf9b65712f97d0d0_whenthewolfcomeshome-350x538.webp]
[cdn.prod.website-files.com/696173cb00865d1b386e4af8/6a31b1034e836a671635157e_deathoftheauthor-350x538.webp]
[cdn.prod.website-files.com/696173cb00865d1b386e4af8/6a31bdb4b6bcb0188bfde193_Aardvark x Future Three.webp]
[cdn.prod.website-files.com/696173cb00865d1b386e4af8/6a31b24beb8a0c0ddebc72d1_itshouldhavebeenyou-350x538.webp]
[cdn.prod.website-files.com/696173cb00865d1b386e4af8/6a31b26bd10933942ef97835_whidbey-350x538.webp]
[cdn.prod.website-files.com/696173cb00865d1b386e4af8/6a31b28197d5758888307962_thepoetempress-350x538.webp]
[cdn.prod.website-files.com/696173cb00865d1b386e4af8/6a31b29dedd02e0ccf6b9c0c_thestarvingsaints.webp]
[cdn.prod.website-files.com/696173cb00865d1b386e4af8/6a31b2b7cac42650bf13e025_meetthenewmans-350x538.webp]
[cdn.prod.website-files.com/696173cb00865d1b386e4af8/6a31b2c96300c8d92b60c23a_junie-350x538.webp]
[cdn.prod.website-files.com/696173cb00865d1b386e4af8/6a31b2dbedfbb8f46c5cea99_isthisacryforhelp-350x538.webp]
[cdn.prod.website-files.com/696173cb00865d1b386e4af8/6a31cc1fd65f717f3c64816d_theverydefinitionofloveold.webp]
[cdn.prod.website-files.com/696173cb00865d1b386e4af8/6a31b339a14c82017668f539_thebuffalohunterhunter-350x538.webp]
[cdn.prod.website-files.com/696173cb00865d1b386e4af8/6a31b34dacb51a2acf64735c_operationbouncehouse-350x538.webp]
[cdn.prod.website-files.com/696173cb00865d1b386e4af8/6a31b35deb8a0c0ddebd1ca0_bride2-350x538.webp]
[cdn.prod.website-files.com/696173cb00865d1b386e4af8/6a31b36c6d9062dcc2792c81_toooldforthis-350x538.webp]
[cdn.prod.website-files.com/696173cb00865d1b386e4af8/6a31b37854d5cb22f4a4926c_disappointme-350x538.webp]
[cdn.prod.website-files.com/696173cb00865d1b386e4af8/69c3adee524231cfe3dcccf6_science-fiction_book-img_02.webp]
[cdn.prod.website-files.com/696173cb00865d1b386e4af8/6a31b39a8b43961fe5cb8f08_allofusmurderers-350x538.webp]
[cdn.prod.website-files.com/696173cb00865d1b386e4af8/69c3adf5f9d0633bda270aca_science-fiction_book-img_03.webp]
[cdn.prod.website-files.com/696173cb00865d1b386e4af8/6a31b3b7b29697f82b969099_whentheworldtipsover-350x538.webp]
[cdn.prod.website-files.com/696173cb00865d1b386e4af8/6a31b3c5576771de9683e119_girldinner-350x538.webp]
[cdn.prod.website-files.com/696173cb00865d1b386e4af8/6a31cc1f6c096eedfd0eee08_theunicornhuntersold.webp]
[cdn.prod.website-files.com/696173cb00865d1b386e4af8/6a31b83f7423a4003bba94c1_victorianpsycho.webp]
[cdn.prod.website-files.com/696173cb00865d1b386e4af8/6a31b8543837965ccdfd46b3_localheavens-350x538.webp]
[cdn.prod.website-files.com/696173cb00865d1b386e4af8/6a31b864e8c774eb39ab8a99_wellactually-350x538.webp]
[cdn.prod.website-files.com/696173cb00865d1b386e4af8/6a31b872dbbfe0f82f71d0f3_juliechanisdead-350x538.webp]
[cdn.prod.website-files.com/696173cb00865d1b386e4af8/6a31b882edd02e0ccf6da282_thehounding-350x538.webp]
[cdn.prod.website-files.com/696173cb00865d1b386e4af8/6a31b890ae99f5eba569f25c_thedevils-350x538.webp]
[cdn.prod.website-files.com/696173cb00865d1b386e4af8/6a31b8a0755fc56a1065719f_alandsowide-350x538.webp]
[cdn.prod.website-files.com/696173cb00865d1b386e4af8/6a31b8ad3bf21098c4645dc8_themadwife-350x538.webp]
[cdn.prod.website-files.com/696173cb00865d1b386e4af8/6a31b8c06de3eea03f9013f5_masquerade.webp]
[cdn.prod.website-files.com/696173cb00865d1b386e4af8/6a31b8cfdecb66ba1175decb_tilt-350x538.webp]
[cdn.prod.website-files.com/696173cb00865d1b386e4af8/6a31cc1ff5437c6b32bdce1d_headlightsold.webp]
[cdn.prod.website-files.com/696173cb00865d1b386e4af8/69b2c25bdf51e00864bcf4f1_benefits-text-eng.svg]
[cdn.prod.website-files.com/696173cb00865d1b386e4af8/696a402939e1e6124f2c2b39_logo-circle-big.svg]
[cdn.prod.website-files.com/696173cb00865d1b386e4af8/69b9b566693a6633673acc40_logo-pw.webp]
[cdn.prod.website-files.com/696173cb00865d1b386e4af8/69b9b5b7ac5a698bb7f76e69_logo-msnbc.webp]
[cdn.prod.website-files.com/696173cb00865d1b386e4af8/69b9b5c57abe05306fcadf78_logo-book-riot.webp]
[cdn.prod.website-files.com/696173cb00865d1b386e4af8/69b9b5d24cc9818e2945bf06_logo-travel-leisure.webp]
[cdn.prod.website-files.com/696173cb00865d1b386e4af8/69d7c9f6062fc8ef7e014217_choice-heart-illustration.svg]
[cdn.prod.website-files.com/69a33078e92fb49d85319481/6a424bd55394074d40414928_6a424662da0a53b9c2c606e3_isthisacryforhelp2.webp]
[cdn.prod.website-files.com/696173cb00865d1b386e4af8/69d9056988fcfdf2b0a8bfa2_orange-eyecatcher.svg]
[cdn.prod.website-files.com/69a33078e92fb49d85319481/6a424bd25ff866ea5996cae2_6a42467a5013b8dca5ff09f8_thebuffalohunterhunterspec2.webp]
[cdn.prod.website-files.com/69a33078e92fb49d85319481/6a424bd25ff866ea5996cadd_6a4246885e00ecdc18382d1b_thebuffalohunterhunterauthor.webp]
[www.aardvarkbookclub.com/books/the-buffalo-hunter-hunter-2025-members-choice-winner.html]
[cdn.prod.website-files.com/69a33078e92fb49d85319481/6a42443a15d2cf609e34a24c_6a423d476a971a161097ff07_thereformatoryv2.webp]
[cdn.prod.website-files.com/69a33078e92fb49d85319481/6a42443a15d2cf609e34a231_6a424039e86ff5403f03bd23_thereformatoryauthor.webp]
[www.aardvarkbookclub.com/books/the-reformatory-2024-members-choice-winner.html]
[cdn.prod.website-files.com/69a33078e92fb49d85319481/6a4244a6000948e7e39aa56e_6a423da669caf660d2c477bb_chaingangallstarsspecial2.webp]
[cdn.prod.website-files.com/69a33078e92fb49d85319481/6a4244a5000948e7e39aa539_6a423dc0410a5d97a1248dc4_chain-gangall-starsauthor.webp]
[www.aardvarkbookclub.com/books/chain-gang-all-stars-2023-members-choice-winner.html]
[cdn.prod.website-files.com/696173cb00865d1b386e4af8/69dfba516e0793fc6d354036_review-star.svg]
[cdn.prod.website-files.com/69a33078e92fb49d85319481/6a424be60e9268be5e54b22e_6a4245f0000948e7e39bb2eb_onebadnight2.webp]
[cdn.prod.website-files.com/696173cb00865d1b386e4af8/69dfb2530a7e746f9dfb8a6b_exclusive-slider-icon-01.webp]
[cdn.prod.website-files.com/696173cb00865d1b386e4af8/69dfb2527288cd815f477968_exclusive-slider-icon-03.webp]
[cdn.prod.website-files.com/696173cb00865d1b386e4af8/69dfb2526ae24d54399a03d8_exclusive-slider-icon-02.webp]
[cdn.prod.website-files.com/696173cb00865d1b386e4af8/696d10ebb91f9b8707240373_aardvark-logo.svg]
[www.aardvarkbookclub.com/terms-of-service.html]
[www.aardvarkbookclub.com/privacy-policy.html]
[d3e54v103j8qbb.cloudfront.net/js/jquery-3.5.1.min.dc5e7f18c893d2.js]
[cdn.prod.website-files.com/696173cb00865d1b386e4af8/js/webflow.schunk.7c514c4b18297836.js]
[cdn.prod.website-files.com/696173cb00865d1b386e4af8/js/webflow.b049d1f4.f16853c5fa980dfd.js]
[cdn.jsdelivr.net/npm/@barba/core@2.10.3/dist/barba.umd.min.js]
[cdn.jsdelivr.net/npm/@barba/prefetch@2.2.0/dist/barba-prefetch.umd.min.js]
[cdn.jsdelivr.net/npm/gsap@3.15/dist/gsap.min.js]
[cdn.jsdelivr.net/npm/gsap@3.15/dist/ScrollTrigger.min.js]
[cdn.jsdelivr.net/npm/gsap@3.15/dist/SplitText.min.js]
[cdn.jsdelivr.net/npm/gsap@3.15/dist/CustomEase.min.js]
[cdn.jsdelivr.net/npm/gsap@3.15/dist/InertiaPlugin.min.js]
[cdn.jsdelivr.net/npm/gsap@3.15/dist/DrawSVGPlugin.min.js]
[cdn.jsdelivr.net/npm/lenis@1.3.17/dist/lenis.min.js]
[cdn.jsdelivr.net/npm/smooothy@0.0.35/dist/smooothy.min.js]
[cdn.jsdelivr.net/npm/minisearch@7.1.2/dist/umd/index.min.js]
[www.aardvarkbookclub.com/index.html]
[cdn.prod.website-files.com/696173cb00865d1b386e4af8/css/aardvark-book-club.webflow.shared.dda91abc7.min.css]
[slater.app/18601/54934.css]
[cdn.jsdelivr.net/npm/lenis@1.3.17/dist/lenis.css]
[cdn.prod.website-files.com/696173cb00865d1b386e4af8/696179694070e2fa9eca375f_logo.svg]
[slater.app/18601/54937.js]
[cdn.prod.website-files.com/69a33078e92fb49d85319481/6a424ba26a0949fa8f479b1a_6a4247905ff866ea59930a2d_longislandgirls2.webp]
[www.aardvarkbookclub.com/books/long-island-girls.html]
[cdn.prod.website-files.com/69a33078e92fb49d85319481/6a424ba3836ef57fec392e17_6a4247895e00ecdc18393dfb_dieforme2.webp]
[www.aardvarkbookclub.com/books/die-for-me.html]
[cdn.prod.website-files.com/69a33078e92fb49d85319481/6a424ba4e10b518b84f92cb5_6a4247846cc6cc6e9ab15a7c_everyversionofyou2.webp]
[www.aardvarkbookclub.com/books/every-version-of-you.html]
[cdn.prod.website-files.com/69a33078e92fb49d85319481/6a424ba599a6dbab85bf8e04_6a42477d3ffb7e4d110df43a_deadbutdreamingofelectricsheep2.webp]
[www.aardvarkbookclub.com/books/dead-but-dreaming-of-electric-sheep.html]
[cdn.prod.website-files.com/69a33078e92fb49d85319481/6a424ba7044257e33379f5eb_6a4247776a7b9a839e04f4d1_thehousewife2.webp]
[www.aardvarkbookclub.com/books/the-housewife.html]
[cdn.prod.website-files.com/69a33078e92fb49d85319481/6a424ba8078ec2c7c9cb3e21_6a42476f5e00ecdc18392df7_fabulousbodies2.webp]
[www.aardvarkbookclub.com/books/fabulous-bodies.html]
[cdn.prod.website-files.com/69a33078e92fb49d85319481/6a424baa17b930784d6c7913_6a4247684bdca697dfe03022_theverydefinitionoflove2.webp]
[www.aardvarkbookclub.com/books/the-very-definition-of-love.html]
[cdn.prod.website-files.com/69a33078e92fb49d85319481/6a424bac5013b8dca5032d84_6a424762023aebaf5b7c2585_sublimation2.webp]
[www.aardvarkbookclub.com/books/sublimation.html]
[cdn.prod.website-files.com/69a33078e92fb49d85319481/6a424bad6f0f91c7210b0c65_6a42475cb84913d5de1eb8fb_girlsgirl2.webp]
[www.aardvarkbookclub.com/books/girls-girl.html]
[cdn.prod.website-files.com/69a33078e92fb49d85319481/6a424bae5660d311dd1dcba8_6a4247563ffb7e4d110ddd92_theunicornhunters2.webp]
[www.aardvarkbookclub.com/books/the-unicorn-hunters.html]
[cdn.prod.website-files.com/69a33078e92fb49d85319481/6a424bb0c07bbb18e0790656_6a424750b1fd6ce7119b37ce_theanniversary2.webp]
[www.aardvarkbookclub.com/books/the-anniversary.html]
[cdn.prod.website-files.com/69a33078e92fb49d85319481/6a424bb15660d311dd1dcc86_6a42474a1715ca34ca74bf4f_headlights2.webp]
[www.aardvarkbookclub.com/books/headlights.html]
[cdn.prod.website-files.com/69a33078e92fb49d85319481/6a424bb2044257e3337a0147_6a4247448e08fb10222d79eb_howtofakeitinsociety2.webp]
[www.aardvarkbookclub.com/books/how-to-fake-it-in-society.html]
[cdn.prod.website-files.com/69a33078e92fb49d85319481/6a424bb3c8264610f1a08eca_6a424737e10b518b84f64d69_five2.webp]
[www.aardvarkbookclub.com/books/five.html]
[cdn.prod.website-files.com/69a33078e92fb49d85319481/6a424bb55394074d40413351_6a4247316f4b90ac57df6b14_cherrybaby2.webp]
[www.aardvarkbookclub.com/books/cherry-baby.html]
[cdn.prod.website-files.com/69a33078e92fb49d85319481/6a424bb746c72fa1ccbab522_6a42472cc2fc7a9ee8b281e9_johnofjohn2.webp]
[www.aardvarkbookclub.com/books/john-of-john.html]
[cdn.prod.website-files.com/69a33078e92fb49d85319481/6a424bb7078ec2c7c9cbea29_6a42472608dd4e552587cbb2_thegirlwithathousandfaces2.webp]
[www.aardvarkbookclub.com/books/the-girl-with-a-thousand-faces.html]
[cdn.prod.website-files.com/69a33078e92fb49d85319481/6a424bb94029b3c0874fcba7_6a42471f891ca9f6fb09dd0f_thecaretaker2.webp]
[www.aardvarkbookclub.com/books/the-caretaker.html]
[cdn.prod.website-files.com/69a33078e92fb49d85319481/6a424bb8da0a53b9c2c99625_6a4247185723c658c10d9843_lovebythebook2.webp]
[www.aardvarkbookclub.com/books/love-by-the-book.html]
[cdn.prod.website-files.com/69a33078e92fb49d85319481/6a424bbae10b518b84f93d38_6a424713da179cdf5325abbd_dearmonicalewinsky2.webp]
[www.aardvarkbookclub.com/books/dear-monica-lewinsky.html]
[cdn.prod.website-files.com/69a33078e92fb49d85319481/6a424bbd824de86aef07892c_6a42470d69101e03a704cbf3_theradiantdark2.webp]
[www.aardvarkbookclub.com/books/the-radiant-dark.html]
[cdn.prod.website-files.com/69a33078e92fb49d85319481/6a424bbe1457999a47d1bc20_6a4247076f0f91c72108016c_lovegalaxy2.webp]
[www.aardvarkbookclub.com/books/love-galaxy.html]
[cdn.prod.website-files.com/69a33078e92fb49d85319481/6a424bbf14c0ddf70eef29b5_6a4247004029b3c0874c999c_oursisterskeeper2.webp]
[www.aardvarkbookclub.com/books/our-sisters-keeper.html]
[cdn.prod.website-files.com/69a33078e92fb49d85319481/6a424bc1f9bf4c41f3902ea8_6a4246f808dd4e552587ad4f_japanesegothic2.webp]
[www.aardvarkbookclub.com/books/japanese-gothic.html]
[cdn.prod.website-files.com/69a33078e92fb49d85319481/6a424bc26410b727f0b93857_6a4246e86a7b9a839e049a30_starshipped2.webp]
[www.aardvarkbookclub.com/books/star-shipped.html]
[cdn.prod.website-files.com/69a33078e92fb49d85319481/6a424bc4eefb5affa1d59b2b_6a4246e21f625858c8584283_whidbey2.webp]
[www.aardvarkbookclub.com/books/whidbey.html]
[cdn.prod.website-files.com/69a33078e92fb49d85319481/6a424bc56f0f91c7210b1712_6a4246d631db3bec2c4beb31_afterthefall2.webp]
[www.aardvarkbookclub.com/books/after-the-fall.html]
[cdn.prod.website-files.com/69a33078e92fb49d85319481/6a424bc631db3bec2c4f438f_6a4246cf1f625858c8583c2d_nowhereburning2.webp]
[www.aardvarkbookclub.com/books/nowhere-burning.html]
[cdn.prod.website-files.com/69a33078e92fb49d85319481/6a424bc769101e03a709997f_6a4246c7135eec0960424615_operationbouncehouse2.webp]
[www.aardvarkbookclub.com/books/operation-bounce-house.html]
[cdn.prod.website-files.com/69a33078e92fb49d85319481/6a424bc869101e03a70999e6_6a4246c0044257e33376afbe_theredwinter2.webp]
[www.aardvarkbookclub.com/books/the-red-winter.html]
[cdn.prod.website-files.com/69a33078e92fb49d85319481/6a424bcaaeb2a889740c2ce7_6a4246ba1df854567ed16671_spoiledmilk2.webp]
[www.aardvarkbookclub.com/books/spoiled-milk.html]
[cdn.prod.website-files.com/69a33078e92fb49d85319481/6a424bcd6410b727f0b93e16_6a4246b3da179cdf532566ea_superfan2.webp]
[www.aardvarkbookclub.com/books/superfan.html]
[cdn.prod.website-files.com/69a33078e92fb49d85319481/6a424bce078ec2c7c9cc088c_6a4246ad0cd6e323565732fe_loveandotherbrainexperiments2.webp]
[www.aardvarkbookclub.com/books/love-and-other-brain-experiments.html]
[cdn.prod.website-files.com/69a33078e92fb49d85319481/6a424bce000948e7e39fe075_6a4246a5e10b518b84f601a9_burndownmastershouse2.webp]
[www.aardvarkbookclub.com/books/burn-down-masters-house.html]
[cdn.prod.website-files.com/69a33078e92fb49d85319481/6a424bcf5394074d404145fc_6a42469e44dc8dd7bada1cb8_adrift2.webp]
[www.aardvarkbookclub.com/books/adrift.html]
[cdn.prod.website-files.com/69a33078e92fb49d85319481/6a424bd046c72fa1ccbac4ec_6a42469817b930784d6916c5_thepoetempress2.webp]
[www.aardvarkbookclub.com/books/the-poet-empress.html]
[cdn.prod.website-files.com/69a33078e92fb49d85319481/6a424bd1aeb2a889740c37ac_6a4246925d1d961fe7900649_tradwife2.webp]
[www.aardvarkbookclub.com/books/trad-wife.html]
[cdn.prod.website-files.com/69a33078e92fb49d85319481/6a424bd38e00e38dd6c75343_6a424673bd731ea726a19f6f_thelistofsuspiciousthings2.webp]
[www.aardvarkbookclub.com/books/the-list-of-suspicious-things.html]
[cdn.prod.website-files.com/69a33078e92fb49d85319481/6a424bd469101e03a709a2c6_6a42466808dd4e55258743ae_anarcaneinheritance2.webp]
[www.aardvarkbookclub.com/books/an-arcane-inheritance.html]
[www.aardvarkbookclub.com/books/is-this-a-cry-for-help.html]
[cdn.prod.website-files.com/69a33078e92fb49d85319481/6a424bd6656444c54224afc0_6a42465c8e08fb10222ccb8c_thishousewillfeed2.webp]
[www.aardvarkbookclub.com/books/this-house-will-feed.html]
[cdn.prod.website-files.com/69a33078e92fb49d85319481/6a424bd7998358b59170c39b_6a42465508dd4e5525873714_itshouldhavebeenyou2.webp]
[www.aardvarkbookclub.com/books/it-should-have-been-you.html]
[cdn.prod.website-files.com/69a33078e92fb49d85319481/6a424bd711a883be817bb544_6a42464bb1fd6ce7119a63fa_meetthenewmans2.webp]
[www.aardvarkbookclub.com/books/meet-the-newmans.html]
[cdn.prod.website-files.com/69a33078e92fb49d85319481/6a424bd9824de86aef07a333_6a424646891ca9f6fb0942fb_graceandhenrysholiday2.webp]
[www.aardvarkbookclub.com/books/grace-henrys-holiday-movie-marathon.html]
[cdn.prod.website-files.com/69a33078e92fb49d85319481/6a424bd88b3504118fc700fa_6a424640da0a53b9c2c5da9a_victorianpsycho2.webp]
[www.aardvarkbookclub.com/books/victorian-psycho.html]
[cdn.prod.website-files.com/69a33078e92fb49d85319481/6a424bda044257e3337a1455_6a42463a8e00e38dd6c3b2ab_canticle2.webp]
[www.aardvarkbookclub.com/books/canticle.html]
[cdn.prod.website-files.com/69a33078e92fb49d85319481/6a424bdbf1686b06788cbae6_6a4246333c976a8500ac75f2_whowantstoliveforever2.webp]
[www.aardvarkbookclub.com/books/who-wants-to-live-forever.html]
[cdn.prod.website-files.com/69a33078e92fb49d85319481/6a424bdcda0a53b9c2c9a5a2_6a42462de10b518b84f59e1a_theonceandfuturequeen2.webp]
[www.aardvarkbookclub.com/books/the-once-and-future-queen.html]
[cdn.prod.website-files.com/69a33078e92fb49d85319481/6a424bdd0ba1ee06e902a42a_6a42462417b930784d68bfcf_itch2.webp]
[www.aardvarkbookclub.com/books/itch.html]
[cdn.prod.website-files.com/69a33078e92fb49d85319481/6a424bdeeefb5affa1d5ab3f_6a42461ab1fd6ce7119a49df_isntitobvious2.webp]
[www.aardvarkbookclub.com/books/isnt-it-obvious.html]
[cdn.prod.website-files.com/69a33078e92fb49d85319481/6a424bde5013b8dca5034541_6a4246141f625858c857c529_girldinner2.webp]
[www.aardvarkbookclub.com/books/girl-dinner.html]
[cdn.prod.website-files.com/69a33078e92fb49d85319481/6a424be0c07bbb18e07922f9_6a42460b5723c658c10cc457_killthebeast2.webp]
[www.aardvarkbookclub.com/books/kill-the-beast.html]
[cdn.prod.website-files.com/69a33078e92fb49d85319481/6a424be26a0949fa8f47c829_6a42460510fb96901e66382e_theplacewheretheyburiedyourheart2.webp]
[www.aardvarkbookclub.com/books/the-place-where-they-buried-your-heart.html]
[cdn.prod.website-files.com/69a33078e92fb49d85319481/6a424be3c07bbb18e0792499_6a4245fd000948e7e39bbda1_thirsttrap2.webp]
[www.aardvarkbookclub.com/books/thirst-trap.html]
[cdn.prod.website-files.com/69a33078e92fb49d85319481/6a424be48e08fb102230c20f_6a4245f7955870e2f94a389a_haventkilledinyears2.webp]
[www.aardvarkbookclub.com/books/havent-killed-in-years.html]
[www.aardvarkbookclub.com/books/one-bad-night-other-stories.html]
[cdn.prod.website-files.com/69a33078e92fb49d85319481/6a4725d5b47ca390357e7373_bride2.webp]
[www.aardvarkbookclub.com/books/bride-ombre.html]
[cdn.prod.website-files.com/69a33078e92fb49d85319481/6a424be711a883be817bc5c9_6a4245e2c8264610f19c472c_mate2.webp]
[www.aardvarkbookclub.com/books/mate.html]
[cdn.prod.website-files.com/69a33078e92fb49d85319481/6a424be80ba1ee06e902a922_6a4245dc135eec09604181b0_theautumnspringsretirement2.webp]
[www.aardvarkbookclub.com/books/the-autumn-springs-retirement-home-massacre.html]
[cdn.prod.website-files.com/69a33078e92fb49d85319481/6a424be999a6dbab85bfb1fb_6a4245d6f67d9248d8660b1c_saltcrop2.webp]
[www.aardvarkbookclub.com/books/saltcrop.html]
[cdn.prod.website-files.com/69a33078e92fb49d85319481/6a424beba987fa4783f44df8_6a4245cf15d2cf609e35c68d_allofusmurderers2.webp]
[www.aardvarkbookclub.com/books/all-of-us-murderers.html]
[cdn.prod.website-files.com/69a33078e92fb49d85319481/6a424bea5660d311dd1de8e2_6a4245c931db3bec2c4b1dd5_themadwife2.webp]
[www.aardvarkbookclub.com/books/the-mad-wife.html]
[cdn.prod.website-files.com/69a33078e92fb49d85319481/6a424bec31db3bec2c4f5ff1_6a4245c35e00ecdc18377adb_witchyouwould2.webp]
[www.aardvarkbookclub.com/books/witch-you-would.html]
[cdn.prod.website-files.com/69a33078e92fb49d85319481/6a424bee6a7b9a839e0805aa_6a4245bc44dc8dd7bad93e4c_youwerentmeanttobehuman2.webp]
[www.aardvarkbookclub.com/books/you-werent-meant-to-be-human.html]
[cdn.prod.website-files.com/69a33078e92fb49d85319481/6a424bf06410b727f0b953a1_6a4245b314c0ddf70eeac888_luckyday2.webp]
[www.aardvarkbookclub.com/books/lucky-day.html]
[cdn.prod.website-files.com/69a33078e92fb49d85319481/6a4243d96f0f91c721055f4d_6a4241e0d5875bdd95610ee8_coffinmoon2.webp]
[www.aardvarkbookclub.com/books/coffin-moon.html]
[cdn.prod.website-files.com/69a33078e92fb49d85319481/6a4243dbf1686b067886f100_6a4241daa348981a7dacd43f_thewrongdaughter2.webp]
[www.aardvarkbookclub.com/books/the-wrong-daughter.html]
[cdn.prod.website-files.com/69a33078e92fb49d85319481/6a4243deb84913d5de1c48fb_6a4241d4dd6e97bdadbab506_localheavens2.webp]
[www.aardvarkbookclub.com/books/local-heavens.html]
[cdn.prod.website-files.com/69a33078e92fb49d85319481/6a4243e0e288421ad4463f03_6a4241cc36d69a7630a9bb3f_alandsowide2.webp]
[www.aardvarkbookclub.com/books/a-land-so-wide.html]
[www.aardvarkbookclub.com/allbooksa25f.html]
[www.aardvarkbookclub.com/allbooks.html]
[cdn.prod.website-files.com/696173cb00865d1b386e4af8/js/webflow.a0aa6ca1.1176730d49a681da.js]
[cdn.prod.website-files.com/696173cb00865d1b386e4af8/69eca6a3b5b2a522cfa542cf_gift-visual-mobile.webp]
[cdn.prod.website-files.com/696173cb00865d1b386e4af8/69e1052f9cb202ef239559be_features-image-01.webp]
[cdn.prod.website-files.com/696173cb00865d1b386e4af8/69e12126ab00b29990374dd0_features-image-02.webp]
[cdn.prod.website-files.com/696173cb00865d1b386e4af8/69e12126d336d7727615d142_features-image-03.webp]
[www.aardvarkbookclub.com/gifting.html]
[www.aardvarkbookclub.com/faq.html]
[cdn.prod.website-files.com/69a33078e92fb49d85319481/6a4243ff0600426a05bda1da_6a4241592b6b7cd5bbd439d4_thedevils2.webp]
[www.aardvarkbookclub.com/books/a-trade-of-blood.html]
[www.aardvarkbookclub.com/books/a-drop-of-corruption-reprint.html]
[www.aardvarkbookclub.com/books/the-tainted-cup-reprint2.html]
[www.aardvarkbookclub.com/books/the-devils.html]
[cdn.prod.website-files.com/69a33078e92fb49d85319481/6a4244a38e08fb10222b603a_6a423ddbbc9ab3a2249f0e8a_theclinic2.webp]
[www.aardvarkbookclub.com/books/the-clinic.html]
[cdn.prod.website-files.com/69a33078e92fb49d85319481/6a4243e76f0f91c721057354_6a4241addc2d79fdf1744d74_theonceandfutureme2.webp]
[www.aardvarkbookclub.com/books/the-women-in-white.html]
[www.aardvarkbookclub.com/books/the-once-and-future-me.html]
[cdn.prod.website-files.com/69a33078e92fb49d85319481/6a4244ac4bdca697dfdddefb_6a423d850bf9243313f2740b_thefictionwriter2.webp]
[www.aardvarkbookclub.com/books/the-fiction-writer.html]
[cdn.prod.website-files.com/69a33078e92fb49d85319481/6a4243f444dc8dd7bad7b50c_6a42417fb393198ad096fc12_houseofbeth2.webp]
[www.aardvarkbookclub.com/books/house-of-beth.html]
[cdn.prod.website-files.com/69a33078e92fb49d85319481/6a4244a84029b3c0874b1b46_6a423d940bf9243313f280c4_thedjinnwaitsahundredyears2.webp]
[www.aardvarkbookclub.com/books/the-djinn-waits-a-hundred-years.html]
[cdn.prod.website-files.com/69a33078e92fb49d85319481/6a4244525ff866ea5990b636_6a423fa3166ceab8976be443_thiscursedhouse2.webp]
[www.aardvarkbookclub.com/books/the-intrigue.html]
[www.aardvarkbookclub.com/books/this-cursed-house.html]
[cdn.prod.website-files.com/69a33078e92fb49d85319481/6a4243e48e08fb10222acfe6_6a4241bbbc9ab3a224a271da_whathunger2.webp]
[www.aardvarkbookclub.com/books/shes-a-doll.html]
[www.aardvarkbookclub.com/books/what-hunger.html]
[cdn.prod.website-files.com/69a33078e92fb49d85319481/6a4243fa000948e7e39a1c9a_6a42416d15a0eef21fe535d1_leftofforever2.webp]
[www.aardvarkbookclub.com/books/left-of-forever.html]
[cdn.prod.website-files.com/69a33078e92fb49d85319481/6a42442a46c72fa1ccb53ee5_6a424083aaeb90f67cec01c3_flirtingwithdisaster2.webp]
[www.aardvarkbookclub.com/books/flirting-with-disaster.html]
[cdn.prod.website-files.com/69a33078e92fb49d85319481/6a4244140600426a05bdb4cc_6a4241130600426a05bb0e89_anytropebutyou2.webp]
[www.aardvarkbookclub.com/books/lost-and-found.html]
[www.aardvarkbookclub.com/books/any-trope-but-you.html]
[cdn.prod.website-files.com/69a33078e92fb49d85319481/6a4243e55e00ecdc1836308d_6a4241b63fc1e248a5476b36_thehounding2.webp]
[www.aardvarkbookclub.com/books/the-hounding.html]
[cdn.prod.website-files.com/69a33078e92fb49d85319481/6a42444d08dd4e552585f12b_6a423fb7f7c203e24049be57_whentheworldtipsover2.webp]
[www.aardvarkbookclub.com/books/when-the-world-tips-over.html]
[cdn.prod.website-files.com/69a33078e92fb49d85319481/6a4244fa0cd6e3235655c099_6a423bb4de58bc1cbc4911f8_bigswiss2.webp]
[www.aardvarkbookclub.com/books/big-swiss.html]
[cdn.prod.website-files.com/69a33078e92fb49d85319481/6a4244769bbbe616a8d525b4_6a423eed410a5d97a1256234_perfumeandpain2.webp]
[www.aardvarkbookclub.com/books/country-people.html]
[cdn.prod.website-files.com/696173cb00865d1b386e4af8/696a059da09e3c123fba6a5a_logo-circle.svg]
[cdn.prod.website-files.com/696173cb00865d1b386e4af8/69c6d9f6cb0f4ec3190ce451_box-title.svg]
[cdn.prod.website-files.com/696173cb00865d1b386e4af8/69960373d1c35e0dd8ec560d_button-app-store.svg]
[cdn.prod.website-files.com/696173cb00865d1b386e4af8/6996037302aa4574b3eecab8_button-google-play.svg]
[cdn.prod.website-files.com/696173cb00865d1b386e4af8/69b2c25bdf51e00864bcf4f1_benefits-text-eng.svg]
[cdn.prod.website-files.com/696173cb00865d1b386e4af8/696a402939e1e6124f2c2b39_logo-circle-big.svg]
[cdn.prod.website-files.com/696173cb00865d1b386e4af8/69d7c9f6062fc8ef7e014217_choice-heart-illustration.svg]
[cdn.prod.website-files.com/696173cb00865d1b386e4af8/69d9056988fcfdf2b0a8bfa2_orange-eyecatcher.svg]
[www.aardvarkbookclub.com/books/perfume-and-pain.html]
[cdn.prod.website-files.com/69a33078e92fb49d85319481/6a42446fe10b518b84f3efb2_6a423f11cb2d8eef8ee9b1be_iwasateenageslasher2.webp]
[www.aardvarkbookclub.com/books/i-was-a-teenage-slasher.html]
[cdn.prod.website-files.com/69a33078e92fb49d85319481/6a42448c023aebaf5b7a0881_6a423e31b536f4b90d493537_wanderingstars2.webp]
[www.aardvarkbookclub.com/books/wandering-stars.html]
[cdn.prod.website-files.com/69a33078e92fb49d85319481/6a424432955870e2f948d0ea_6a4240667b16e8aca2ffa086_hungerstone2.webp]
[www.aardvarkbookclub.com/books/hungerstone.html]
[cdn.prod.website-files.com/69a33078e92fb49d85319481/6a424417a6296799b4078b89_6a42410cca7c6a69e047b4c9_bloodonhertongue2.webp]
[www.aardvarkbookclub.com/books/the-buffalo-hunter-hunter-2025-members-choice-winner.html]
[www.aardvarkbookclub.com/books/blood-on-her-tongue.html]
[cdn.prod.website-files.com/69a33078e92fb49d85319481/6a424487e10b518b84f3fe47_6a423e40841ff75777ccdc52_james2.webp]
[www.aardvarkbookclub.com/books/james.html]
[cdn.prod.website-files.com/69a33078e92fb49d85319481/6a42442e36d69a7630abcfc9_6a42407621916c5202d31938_junie2.webp]
[www.aardvarkbookclub.com/books/the-reformatory-2024-members-choice-winner.html]
[www.aardvarkbookclub.com/books/junie.html]
[www.aardvarkbookclub.com/books/the-reformatory.html]
[cdn.prod.website-files.com/69a33078e92fb49d85319481/6a424c27836ef57fec39886f_6a4240a51ca14972e8616c7e_thebuffalohunterhunter2.webp]
[www.aardvarkbookclub.com/books/chain-gang-all-stars-2023-members-choice-winner.html]
[cdn.prod.website-files.com/696173cb00865d1b386e4af8/69dfba516e0793fc6d354036_review-star.svg]
[cdn.prod.website-files.com/696173cb00865d1b386e4af8/696d10ebb91f9b8707240373_aardvark-logo.svg]
[www.aardvarkbookclub.com/terms-of-service.html]
[www.aardvarkbookclub.com/privacy-policy.html]
[www.aardvarkbookclub.com/books/the-buffalo-hunter-hunter.html]
[cdn.prod.website-files.com/69a33078e92fb49d85319481/6a42444f69caf660d2ca938e_6a423fb0f7c203e24049b78b_thelightningbottles2.webp]
[www.aardvarkbookclub.com/books/the-lightning-bottles.html]
[cdn.prod.website-files.com/69a33078e92fb49d85319481/6a4244280cd6e323565533d6_6a42408a6a971a16109aaf30_goodgirl2.webp]
[www.aardvarkbookclub.com/books/long-island-girls.html]
[www.aardvarkbookclub.com/books/good-girl.html]
[cdn.prod.website-files.com/69a33078e92fb49d85319481/6a4244a25013b8dca5fd94d1_6a423de1d2bd065ead478a8f_alovesongforrickiwilde2.webp]
[www.aardvarkbookclub.com/books/a-love-song-for-ricki-wilde.html]
[cdn.prod.website-files.com/69a33078e92fb49d85319481/6a4244981df854567ecfc420_6a423e11166ceab8976a2361_bride2.webp]
[www.aardvarkbookclub.com/books/bride.html]
[cdn.prod.website-files.com/69a33078e92fb49d85319481/6a4244a915d2cf609e34f13c_6a423d8b51da215a18fd1289_thefakemate2.webp]
[www.aardvarkbookclub.com/books/the-fake-mate.html]
[cdn.prod.website-files.com/69a33078e92fb49d85319481/6a4244400600426a05bdd704_6a423ff680174ce06307c44c_underlochandkey2.webp]
[www.aardvarkbookclub.com/books/die-for-me.html]
[www.aardvarkbookclub.com/books/under-loch-and-key.html]
[cdn.prod.website-files.com/69a33078e92fb49d85319481/6a424484da0a53b9c2c4938b_6a423e5431edd3f4b95c4efa_expirationdates2.webp]
[www.aardvarkbookclub.com/books/expiration-dates.html]
[cdn.prod.website-files.com/69a33078e92fb49d85319481/6a424507e288421ad44730fd_6a423b0bca7c6a69e042f5ec_twiceinalifetime2.webp]
[www.aardvarkbookclub.com/books/twice-in-a-lifetime.html]
[cdn.prod.website-files.com/69a33078e92fb49d85319481/6a4244d844dc8dd7bad886e3_6a423c94bf6a8320de9e09c6_cassandrainreverse2.webp]
[www.aardvarkbookclub.com/books/cassandra-in-reverse.html]
[cdn.prod.website-files.com/69a33078e92fb49d85319481/6a42447a44dc8dd7bad83b98_6a423ee13fc1e248a54533f4_loversandliars2.webp]
[www.aardvarkbookclub.com/books/every-version-of-you.html]
[www.aardvarkbookclub.com/books/lovers-and-liars.html]
[cdn.prod.website-files.com/69a33078e92fb49d85319481/6a42441969f858fcfa63cc39_6a4240c8de58bc1cbc4cfece_dissolution2.webp]
[www.aardvarkbookclub.com/books/dissolution.html]
[cdn.prod.website-files.com/69a33078e92fb49d85319481/6a424436414b49fecdd4fb1b_6a424052dc2d79fdf1732d7a_welivedonthehorizon2.webp]
[www.aardvarkbookclub.com/books/we-lived-on-the-horizon.html]
[cdn.prod.website-files.com/69a33078e92fb49d85319481/6a42442ce288421ad44688a0_6a42407dbf6a8320dea13c12_deathoftheauthor2.webp]
[www.aardvarkbookclub.com/books/dead-but-dreaming-of-electric-sheep.html]
[www.aardvarkbookclub.com/books/death-of-the-author.html]
[cdn.prod.website-files.com/69a33078e92fb49d85319481/6a4243e9dc2d79fdf176013e_6a4241a40a306d18029be74d_toooldforthis2.webp]
[www.aardvarkbookclub.com/books/too-old-for-this.html]
[cdn.prod.website-files.com/69a33078e92fb49d85319481/6a42447d31db3bec2c4a3215_6a423edbb393198ad094b67c_youknowwhatyoudid2.webp]
[www.aardvarkbookclub.com/books/the-housewife.html]
[www.aardvarkbookclub.com/books/you-know-what-you-did.html]
[cdn.prod.website-files.com/69a33078e92fb49d85319481/6a424464955870e2f948f03f_6a423f48b536f4b90d4a082f_buryyourgays2.webp]
[www.aardvarkbookclub.com/books/fabulous-bodies.html]
[www.aardvarkbookclub.com/books/bury-your-gays.html]
[cdn.prod.website-files.com/69a33078e92fb49d85319481/6a4244f2f77672aca199521a_6a423c0e04c70f8861e4d2c9_aspinstersguide2.webp]
[www.aardvarkbookclub.com/books/a-spinsters-guide-to-danger-dukes.html]
[cdn.prod.website-files.com/69a33078e92fb49d85319481/6a4244b2a987fa4783efc1b0_6a423d6eca7c6a69e044b710_actlikealady2.webp]
[www.aardvarkbookclub.com/books/act-like-a-lady-think-like-a-lord.html]
[cdn.prod.website-files.com/69a33078e92fb49d85319481/6a4244d4044257e333751cdd_6a423cbb586dfb2f55a81d07_businessorpleasure2.webp]
[www.aardvarkbookclub.com/books/business-or-pleasure.html]
[cdn.prod.website-files.com/69a33078e92fb49d85319481/6a42443946c72fa1ccb54834_6a42404404c70f8861e81a78_unromance2.webp]
[www.aardvarkbookclub.com/books/the-very-definition-of-love.html]
[www.aardvarkbookclub.com/books/unromance.html]
[cdn.prod.website-files.com/69a33078e92fb49d85319481/6a42448d15d2cf609e34e22d_6a423e2ad3b558fe4b0e1796_babyx2.webp]
[www.aardvarkbookclub.com/books/baby-x.html]
[cdn.prod.website-files.com/69a33078e92fb49d85319481/6a4243e2a6296799b4075f04_6a4241c70a306d18029bfc80_moderation2.webp]
[www.aardvarkbookclub.com/books/sublimation.html]
[www.aardvarkbookclub.com/books/moderation.html]
[cdn.prod.website-files.com/69a33078e92fb49d85319481/6a42449946c72fa1ccb59c36_6a423dfe80174ce06306408f_comeandgetit2.webp]
[www.aardvarkbookclub.com/books/come-get-it.html]
[cdn.prod.website-files.com/69a33078e92fb49d85319481/6a4244680cd6e32356556392_6a423f3536d69a7630a7b62d_whoeveryouarehoney2.webp]
[www.aardvarkbookclub.com/books/girls-girl.html]
[www.aardvarkbookclub.com/books/whoever-you-are-honey.html]
[cdn.prod.website-files.com/69a33078e92fb49d85319481/6a42449b6f4b90ac57dd9103_6a423e03fd478bd1d77b694a_thewarmhandsofghosts2.webp]
[www.aardvarkbookclub.com/books/the-warm-hands-of-ghosts.html]
[cdn.prod.website-files.com/69a33078e92fb49d85319481/6a42445d14c0ddf70ee9a138_6a423f717ad1fb01bfb247a9_ladymacbeth2.webp]
[www.aardvarkbookclub.com/books/lady-macbeth.html]
[cdn.prod.website-files.com/69a33078e92fb49d85319481/6a42446269f858fcfa640671_6a423f510ff6889515ddcd5a_thebrightsword2.webp]
[www.aardvarkbookclub.com/books/the-bright-sword.html]
[cdn.prod.website-files.com/69a33078e92fb49d85319481/6a424c2b6410b727f0b977e4_6a42409125e2238a9097293b_uponastarlittide2.webp]
[www.aardvarkbookclub.com/books/the-unicorn-hunters.html]
[www.aardvarkbookclub.com/books/upon-a-starlit-tide.html]
[cdn.prod.website-files.com/69a33078e92fb49d85319481/6a4244591457999a47cbe77e_6a423f790ff6889515ddef98_redriverroad2.webp]
[www.aardvarkbookclub.com/books/the-anniversary.html]
[www.aardvarkbookclub.com/books/red-river-road.html]
[cdn.prod.website-files.com/69a33078e92fb49d85319481/6a42444b1457999a47cbd8dc_6a423fbf410a5d97a1262261_americanrapture2.webp]
[www.aardvarkbookclub.com/books/american-rapture.html]
[cdn.prod.website-files.com/69a33078e92fb49d85319481/6a42440f80174ce0630ba706_6a424123cb2d8eef8eeb5b71_whenthewolfcomeshome2.webp]
[www.aardvarkbookclub.com/books/when-the-wolf-comes-home.html]
[cdn.prod.website-files.com/69a33078e92fb49d85319481/6a4243ef1715ca34ca723e82_6a424197410a5d97a127c47e_saltbones2.webp]
[www.aardvarkbookclub.com/books/headlights.html]
[www.aardvarkbookclub.com/books/how-to-fake-it-in-society.html]
[www.aardvarkbookclub.com/books/salt-bones.html]
[cdn.prod.website-files.com/69a33078e92fb49d85319481/6a424418a6296799b4078cd8_6a4240fe3892226fe3f67352_thetilt2.webp]
[www.aardvarkbookclub.com/books/tilt.html]
[cdn.prod.website-files.com/69a33078e92fb49d85319481/6a424c26000948e7e3a006fa_6a4240acaaeb90f67cec17fc_youarefatallyinvited2.webp]
[www.aardvarkbookclub.com/books/you-are-fatally-invited.html]
[cdn.prod.website-files.com/69a33078e92fb49d85319481/6a4244948e08fb10222b5676_6a423e1d0a306d1802991679_everyonewhocanforgive2.webp]
[www.aardvarkbookclub.com/books/everyone-who-can-forgive-me-is-dead.html]
[cdn.prod.website-files.com/69a33078e92fb49d85319481/6a4244d01457999a47cc33c2_6a423cc1a348981a7da88947_howcanihelpyou2.webp]
[www.aardvarkbookclub.com/books/five.html]
[www.aardvarkbookclub.com/books/how-can-i-help-you.html]
[cdn.prod.website-files.com/69a33078e92fb49d85319481/6a4244c8c8264610f19b500d_6a423cf1967cafa67676ef0e_amazinggraceadams2.webp]
[www.aardvarkbookclub.com/books/amazing-grace-adams.html]
[cdn.prod.website-files.com/69a33078e92fb49d85319481/6a42450a3ffb7e4d110c0f74_6a423aff0ff6889515da277f_prince2.webp]
[www.aardvarkbookclub.com/books/cherry-baby.html]
[www.aardvarkbookclub.com/books/none-of-this-would-have-happened-if-prince-were-alive.html]
[cdn.prod.website-files.com/69a33078e92fb49d85319481/6a42450115d2cf609e3537fe_6a423b498d26caebf297b8ca_thenewlife2.webp]
[www.aardvarkbookclub.com/books/the-new-life.html]
[cdn.prod.website-files.com/69a33078e92fb49d85319481/6a4243f90a306d18029e3fdf_6a4241738d26caebf29c6168_disappointme2.webp]
[www.aardvarkbookclub.com/books/disappoint-me.html]
[cdn.prod.website-files.com/69a33078e92fb49d85319481/6a4244cc4bdca697dfddf137_6a423cd4cd93031e561427b2_smallworlds2.webp]
[www.aardvarkbookclub.com/books/small-worlds.html]
[cdn.prod.website-files.com/69a33078e92fb49d85319481/6a4244c59bbbe616a8d56195_6a423cf8841ff75777cb932e_learnedbyheart2.webp]
[www.aardvarkbookclub.com/books/john-of-john.html]
[www.aardvarkbookclub.com/books/learned-by-heart.html]
[cdn.prod.website-files.com/69a33078e92fb49d85319481/6a42441e36d69a7630abb019_6a4240c221916c5202d34c3b_bateater2.webp]
[www.aardvarkbookclub.com/books/bat-eater-and-other-names-for-cora-zeng.html]
[cdn.prod.website-files.com/69a33078e92fb49d85319481/6a4244541715ca34ca728a13_6a423f97cb2d8eef8eea209b_thecityinglass2.webp]
[www.aardvarkbookclub.com/books/the-girl-with-a-thousand-faces.html]
[www.aardvarkbookclub.com/books/the-caretaker.html]
[www.aardvarkbookclub.com/books/the-city-in-glass.html]
[cdn.prod.website-files.com/69a33078e92fb49d85319481/6a4244a7836ef57fec349d77_6a423d9ff7c203e240483113_sugarbaby2.webp]
[www.aardvarkbookclub.com/books/sugar-baby.html]
[cdn.prod.website-files.com/69a33078e92fb49d85319481/6a4244d115d2cf609e350904_6a423cb4e86ff5403f00527f_therachelincident2.webp]
[www.aardvarkbookclub.com/books/love-by-the-book.html]
[www.aardvarkbookclub.com/books/the-rachel-incident.html]
[cdn.prod.website-files.com/69a33078e92fb49d85319481/6a424466bd731ea726a03cfd_6a423f3c31edd3f4b95cf5a7_catalina2.webp]
[www.aardvarkbookclub.com/books/catalina.html]
[cdn.prod.website-files.com/69a33078e92fb49d85319481/6a42443c414b49fecdd5029f_6a424006bf6a8320dea0d1d8_whatitslikeinwords2.webp]
[www.aardvarkbookclub.com/books/dear-monica-lewinsky.html]
[www.aardvarkbookclub.com/books/what-its-like-in-words.html]
[cdn.prod.website-files.com/69a33078e92fb49d85319481/6a424426b393198ad099a542_6a42409865aff863e1a7a93c_thestrangecaseofjaneo2.webp]
[www.aardvarkbookclub.com/books/the-strange-case-of-jane-o.html]
[cdn.prod.website-files.com/69a33078e92fb49d85319481/6a424511414b49fecdd5ae28_6a423ab37ad1fb01bfadd53e_singerdistance2.webp]
[www.aardvarkbookclub.com/books/singer-distance.html]
[cdn.prod.website-files.com/69a33078e92fb49d85319481/6a4244c9955870e2f9494f18_6a423ceb0ff6889515dbda7f_bridge2.webp]
[www.aardvarkbookclub.com/books/bridge.html]
[cdn.prod.website-files.com/69a33078e92fb49d85319481/6a42444631db3bec2c4a0640_6a423fe32b6b7cd5bbd31bbd_likemotherlikemother2.webp]
[www.aardvarkbookclub.com/books/the-radiant-dark.html]
[www.aardvarkbookclub.com/books/like-mother-like-mother.html]
[cdn.prod.website-files.com/69a33078e92fb49d85319481/6a42443814c0ddf70ee985c2_6a42404c0ff6889515de977e_motheater2.webp]
[www.aardvarkbookclub.com/books/motheater.html]
[cdn.prod.website-files.com/69a33078e92fb49d85319481/6a424456841ff75777d298d7_6a423f89fd478bd1d77c797e_adarkanddrowningtide2.webp]
[www.aardvarkbookclub.com/books/a-dark-and-drowning-tide.html]
[cdn.prod.website-files.com/69a33078e92fb49d85319481/6a4244af15d2cf609e34f548_6a423d7d1ca14972e85efac9_yoursforthetaking2.webp]
[www.aardvarkbookclub.com/books/love-galaxy.html]
[www.aardvarkbookclub.com/books/our-sisters-keeper.html]
[www.aardvarkbookclub.com/books/japanese-gothic.html]
[www.aardvarkbookclub.com/books/yours-for-the-taking.html]
[cdn.prod.website-files.com/69a33078e92fb49d85319481/6a4244fbb1fd6ce711995ff2_6a423ba815a419c5d6fc7537_forherconsideration2.webp]
[www.aardvarkbookclub.com/books/for-her-consideration.html]
[cdn.prod.website-files.com/69a33078e92fb49d85319481/6a42440a9fca0dfe7923c122_6a4241305424a3d9b7d383ee_whenthetidesheldthemoon2.webp]
[www.aardvarkbookclub.com/books/star-shipped.html]
[www.aardvarkbookclub.com/books/whidbey.html]
[www.aardvarkbookclub.com/books/when-the-tides-held-the-moon.html]
[cdn.prod.website-files.com/69a33078e92fb49d85319481/6a4244c108dd4e5525863061_6a423d0804c70f8861e58783_startervillain2.webp]
[www.aardvarkbookclub.com/books/starter-villain.html]
[cdn.prod.website-files.com/69a33078e92fb49d85319481/6a4244e03c976a8500ab9121_6a423c5df54dad74005ade42_swampstory2.webp]
[www.aardvarkbookclub.com/books/swamp-story.html]
[cdn.prod.website-files.com/69a33078e92fb49d85319481/6a424474b84913d5de1cbb12_6a423efa51da215a18fe2385_dreadful2.webp]
[www.aardvarkbookclub.com/books/after-the-fall.html]
[www.aardvarkbookclub.com/books/dreadful.html]
[cdn.prod.website-files.com/69a33078e92fb49d85319481/6a4244ce5723c658c10bfecc_6a423cc7b393198ad092dab0_mistermagic2.webp]
[www.aardvarkbookclub.com/books/mister-magic.html]
[cdn.prod.website-files.com/69a33078e92fb49d85319481/6a4244a58e08fb10222b612c_6a423dceca7c6a69e0450bf4_whereyouend2.webp]
[www.aardvarkbookclub.com/books/where-you-end.html]
[cdn.prod.website-files.com/69a33078e92fb49d85319481/6a42444a69f858fcfa63f38a_6a423fc69fca0dfe79201a3e_memorials2.webp]
[www.aardvarkbookclub.com/books/nowhere-burning.html]
[www.aardvarkbookclub.com/books/memorials.html]
[cdn.prod.website-files.com/69a33078e92fb49d85319481/6a424475414b49fecdd52588_6a423ef4af30b9c4c721dadc_thelastmurderattheendoftheworld2.webp]
[www.aardvarkbookclub.com/books/operation-bounce-house.html]
[www.aardvarkbookclub.com/books/the-last-murder-at-the-end-of-the-world.html]
[cdn.prod.website-files.com/69a33078e92fb49d85319481/6a42441f6f0f91c721059dde_6a423de8de58bc1cbc4acac2_thetaintedcup2.webp]
[www.aardvarkbookclub.com/books/the-red-winter.html]
[www.aardvarkbookclub.com/books/the-tainted-cup-reprint.html]
[cdn.prod.website-files.com/69a33078e92fb49d85319481/6a42448014c0ddf70ee9d13a_6a423ec8aaeb90f67cea4561_thegarden2.webp]
[www.aardvarkbookclub.com/books/the-garden.html]
[cdn.prod.website-files.com/69a33078e92fb49d85319481/6a4244856f0f91c72105e68f_6a423e4df54dad74005c697a_asweetstingofsalt2.webp]
[www.aardvarkbookclub.com/books/spoiled-milk.html]
[www.aardvarkbookclub.com/books/a-sweet-sting-of-salt.html]
[cdn.prod.website-files.com/69a33078e92fb49d85319481/6a4244028e08fb10222ae860_6a42414cd5875bdd9560ad12_theoriginaldaughter2.webp]
[www.aardvarkbookclub.com/books/superfan.html]
[www.aardvarkbookclub.com/books/the-original-daughter.html]
[cdn.prod.website-files.com/69a33078e92fb49d85319481/6a42444814c0ddf70ee98f2b_6a423fd24721a5f823f31d8a_perfectfit2.webp]
[www.aardvarkbookclub.com/books/perfect-fit.html]
[cdn.prod.website-files.com/69a33078e92fb49d85319481/6a4243e35d1d961fe78e02fa_6a4241c14721a5f823f4b6eb_wellactually2.webp]
[www.aardvarkbookclub.com/books/love-and-other-brain-experiments.html]
[www.aardvarkbookclub.com/books/well-actually.html]
[cdn.prod.website-files.com/69a33078e92fb49d85319481/6a4244e2c8264610f19b6994_6a423c550ff6889515db41bd_chaingangallstars2.webp]
[www.aardvarkbookclub.com/books/burn-down-masters-house.html]
[www.aardvarkbookclub.com/books/chain-gang-all-stars.html]
[cdn.prod.website-files.com/69a33078e92fb49d85319481/6a4244635e00ecdc183680e7_6a423f42af30b9c4c7222292_lookinthemirror2.webp]
[www.aardvarkbookclub.com/books/look-in-the-mirror.html]
[cdn.prod.website-files.com/69a33078e92fb49d85319481/6a4244c610fb96901e656998_6a423cfd0bf9243313f224ec_perfectlyniceneighbors2.webp]
[www.aardvarkbookclub.com/books/perfectly-nice-neighbors.html]
[cdn.prod.website-files.com/69a33078e92fb49d85319481/6a4244d5836ef57fec34ccc9_6a423caebf6a8320de9e1a21_thedrowningwoman2.webp]
[www.aardvarkbookclub.com/books/adrift.html]
[www.aardvarkbookclub.com/books/the-drowning-woman.html]
[cdn.prod.website-files.com/69a33078e92fb49d85319481/6a42443e6011ea361b5f9f99_6a424000f8f18c2ae1c410c8_theserpentandthewolf2.webp]
[www.aardvarkbookclub.com/books/the-serpent-and-the-wolf.html]
[cdn.prod.website-files.com/69a33078e92fb49d85319481/6a4244471715ca34ca72825f_6a423fdc25e2238a9096a479_thescholarandthelastfaeriedoor2.webp]
[www.aardvarkbookclub.com/books/the-scholar-and-the-last-faerie-door.html]
[cdn.prod.website-files.com/69a33078e92fb49d85319481/6a424469f7c203e2404e12e1_6a423f2fd5875bdd955eefd6_masquerade2.webp]
[www.aardvarkbookclub.com/books/the-poet-empress.html]
[www.aardvarkbookclub.com/books/masquerade.html]
[cdn.prod.website-files.com/69a33078e92fb49d85319481/6a4244011457999a47cbadb9_6a42415380174ce063092c53_thestarvingsaints2.webp]
[www.aardvarkbookclub.com/books/trad-wife.html]
[www.aardvarkbookclub.com/books/the-starving-saints.html]
[cdn.prod.website-files.com/69a33078e92fb49d85319481/6a42448a023aebaf5b7a079d_6a423e399fca0dfe791ed902_howtosolveyourownmurder2.webp]
[www.aardvarkbookclub.com/books/how-to-solve-your-own-murder.html]
[cdn.prod.website-files.com/69a33078e92fb49d85319481/6a4244a414c0ddf70ee9ff59_6a423dd5f8f18c2ae1c293a4_rabbithole2.webp]
[www.aardvarkbookclub.com/books/rabbit-hole.html]
[cdn.prod.website-files.com/69a33078e92fb49d85319481/6a4244b0c8264610f19b428f_6a423d73166ceab897699507_theotherhalf2.webp]
[www.aardvarkbookclub.com/books/the-other-half.html]
[cdn.prod.website-files.com/69a33078e92fb49d85319481/6a4244f90ae83fc98f493aa9_6a423bbed3b558fe4b0c2aff_48clues2.webp]
[www.aardvarkbookclub.com/books/the-list-of-suspicious-things.html]
[www.aardvarkbookclub.com/books/48-clues-into-the-disappearance-of-my-sister.html]
[cdn.prod.website-files.com/69a33078e92fb49d85319481/6a4244603ffb7e4d110ba5eb_6a423f5caf30b9c4c7226bb3_mistressoflies2.webp]
[www.aardvarkbookclub.com/books/mistress-of-lies.html]
[cdn.prod.website-files.com/69a33078e92fb49d85319481/6a4244f69bbbe616a8d57c10_6a423bdc841ff75777cac187_themagiciansdaughter2.webp]
[www.aardvarkbookclub.com/books/an-arcane-inheritance.html]
[www.aardvarkbookclub.com/books/the-magicians-daughter.html]
[cdn.prod.website-files.com/69a33078e92fb49d85319481/6a42450d000948e7e39b0092_6a423adb967cafa6767507ce_meredithalone2.webp]
[www.aardvarkbookclub.com/books/is-this-a-cry-for-help.html]
[www.aardvarkbookclub.com/books/meredith-alone.html]
[cdn.prod.website-files.com/69a33078e92fb49d85319481/6a4244426011ea361b5fa30c_6a423fef7b16e8aca2ff4aff_theresurrectionist2.webp]
[www.aardvarkbookclub.com/books/the-resurrectionist.html]
[cdn.prod.website-files.com/69a33078e92fb49d85319481/6a4244505d1d961fe78e5970_6a423fa921916c5202d238b4_whereiend2.webp]
[www.aardvarkbookclub.com/books/this-house-will-feed.html]
[www.aardvarkbookclub.com/books/where-i-end.html]
[cdn.prod.website-files.com/69a33078e92fb49d85319481/6a4243f321916c5202d5f38e_6a4241858d26caebf29c6a9c_partyofliars2.webp]
[www.aardvarkbookclub.com/books/party-of-liars.html]
[cdn.prod.website-files.com/69a33078e92fb49d85319481/6a4244335e00ecdc1836663b_6a42405f3892226fe3f6098a_crossmyheart2.webp]
[www.aardvarkbookclub.com/books/cross-my-heart.html]
[cdn.prod.website-files.com/69a33078e92fb49d85319481/6a4243fc0600426a05bd9fc2_6a424167841ff75777cfcef9_someoneknows2.webp]
[www.aardvarkbookclub.com/books/it-should-have-been-you.html]
[www.aardvarkbookclub.com/books/someone-knows.html]
[cdn.prod.website-files.com/69a33078e92fb49d85319481/6a424403000948e7e39a2171_6a42414180174ce0630922f9_thepretender2.webp]
[www.aardvarkbookclub.com/books/the-pretender.html]
[cdn.prod.website-files.com/69a33078e92fb49d85319481/6a42444936d69a7630abe6d6_6a423fcc6a971a16109a2b08_eleanoreofavignon2.webp]
[www.aardvarkbookclub.com/books/eleanore-of-avignon.html]
[cdn.prod.website-files.com/69a33078e92fb49d85319481/6a4244cdc8264610f19b52d1_6a423cce15a419c5d6fd6a6e_californiagolden2.webp]
[www.aardvarkbookclub.com/books/meet-the-newmans.html]
[www.aardvarkbookclub.com/books/california-golden.html]
[cdn.prod.website-files.com/69a33078e92fb49d85319481/6a4243ea0ae83fc98f487081_6a424191967cafa6767b3f0f_soundslikelove2.webp]
[www.aardvarkbookclub.com/books/sounds-like-love.html]
[cdn.prod.website-files.com/69a33078e92fb49d85319481/6a424421e288421ad4468074_6a4240b394291b582dc4cfb8_backafterthis2.webp]
[www.aardvarkbookclub.com/books/grace-henrys-holiday-movie-marathon.html]
[www.aardvarkbookclub.com/books/back-after-this.html]
[cdn.prod.website-files.com/69a33078e92fb49d85319481/6a4244f46f4b90ac57ddc3a1_6a423bf3cb2d8eef8ee752f1_deathofabookseller2.webp]
[www.aardvarkbookclub.com/books/victorian-psycho.html]
[www.aardvarkbookclub.com/books/death-of-a-bookseller.html]
[cdn.prod.website-files.com/69a33078e92fb49d85319481/6a4244eb1715ca34ca730538_6a423c244721a5f823f00521_anamericanbeauty2.webp]
[www.aardvarkbookclub.com/books/an-american-beauty.html]
[cdn.prod.website-files.com/69a33078e92fb49d85319481/6a4245133ffb7e4d110c1401_6a423aab15a419c5d6fb8407_gildedmountain2.webp]
[www.aardvarkbookclub.com/books/canticle.html]
[www.aardvarkbookclub.com/books/gilded-mountain.html]
[cdn.prod.website-files.com/69a33078e92fb49d85319481/6a4244ee83b0570ce0ae95c0_6a423c19a348981a7da805e2_abriefhistoryoflivingforever2.webp]
[www.aardvarkbookclub.com/books/a-brief-history-of-living-forever.html]
[cdn.prod.website-files.com/69a33078e92fb49d85319481/6a4244083ffb7e4d110b4e26_6a4241373fc1e248a547029b_immaculateconception2.webp]
[www.aardvarkbookclub.com/books/who-wants-to-live-forever.html]
[www.aardvarkbookclub.com/books/immaculate-conception.html]
[cdn.prod.website-files.com/69a33078e92fb49d85319481/6a424515c2fc7a9ee8b0dbbe_6a423a95aaeb90f67ce691b6_ithaca2.webp]
[www.aardvarkbookclub.com/books/the-once-and-future-queen.html]
[www.aardvarkbookclub.com/books/itch.html]
[www.aardvarkbookclub.com/books/ithaca.html]
[cdn.prod.website-files.com/69a33078e92fb49d85319481/6a42445569f858fcfa63fa76_6a423f9015a0eef21fe36b79_howtohideinplainsight2.webp]
[www.aardvarkbookclub.com/books/how-to-hide-in-plain-sight.html]
[cdn.prod.website-files.com/69a33078e92fb49d85319481/6a42445e3c976a8500ab3f8a_6a423f62a348981a7daa7706_thetruthaccordingtoember2.webp]
[www.aardvarkbookclub.com/books/isnt-it-obvious.html]
[www.aardvarkbookclub.com/books/the-truth-according-to-ember.html]
[cdn.prod.website-files.com/69a33078e92fb49d85319481/6a4244711715ca34ca729d57_6a423f05967cafa67679011d_theeyesarethebestpart2.webp]
[www.aardvarkbookclub.com/books/girl-dinner.html]
[www.aardvarkbookclub.com/books/the-eyes-are-the-best-part.html]
[cdn.prod.website-files.com/69a33078e92fb49d85319481/6a42447e4029b3c0874afb9e_6a423ece8d26caebf29a67f4_evocation2.webp]
[www.aardvarkbookclub.com/books/evocation.html]
[cdn.prod.website-files.com/69a33078e92fb49d85319481/6a4243f75b72bdbb96f2e44f_6a424179967cafa6767b2d43_awitchsguide2.webp]
[www.aardvarkbookclub.com/books/kill-the-beast.html]
[www.aardvarkbookclub.com/books/a-witchs-guide-to-magical-innkeeping.html]
[cdn.prod.website-files.com/69a33078e92fb49d85319481/6a42449e44dc8dd7bad860ce_6a423df1b536f4b90d490c19_thehouseoflastresort2.webp]
[www.aardvarkbookclub.com/books/the-place-where-they-buried-your-heart.html]
[www.aardvarkbookclub.com/books/the-house-of-last-resort.html]
[cdn.prod.website-files.com/69a33078e92fb49d85319481/6a4244dcf67d9248d865416d_6a423c877b16e8aca2fca4a0_theguest2.webp]
[www.aardvarkbookclub.com/books/the-guest.html]
[cdn.prod.website-files.com/69a33078e92fb49d85319481/6a42450c1457999a47cc6498_6a423ae67b16e8aca2fb9076_factorygirls2.webp]
[www.aardvarkbookclub.com/books/thirst-trap.html]
[www.aardvarkbookclub.com/books/factory-girls.html]
[cdn.prod.website-files.com/69a33078e92fb49d85319481/6a42443b21916c5202d628eb_6a4240100a306d18029a72c9_alterego2.webp]
[www.aardvarkbookclub.com/books/havent-killed-in-years.html]
[www.aardvarkbookclub.com/books/alter-ego.html]
[cdn.prod.website-files.com/69a33078e92fb49d85319481/6a424c92d0069c1c5d8fac44_6a423e47e86ff5403f01f43b_diavola2.webp]
[www.aardvarkbookclub.com/books/diavola.html]
[cdn.prod.website-files.com/69a33078e92fb49d85319481/6a424cfd96617650d542ecf6_6a423b29f8f18c2ae1c0696a_desertcreatures2.webp]
[www.aardvarkbookclub.com/books/one-bad-night-other-stories.html]
[www.aardvarkbookclub.com/books/desert-creatures.html]
[cdn.prod.website-files.com/69a33078e92fb49d85319481/6a4244821715ca34ca72a77d_6a423e62d3b558fe4b0e39f7_happymedium2.webp]
[www.aardvarkbookclub.com/books/happy-medium.html]
[cdn.prod.website-files.com/69a33078e92fb49d85319481/6a4244535723c658c10b9b5a_6a423f9d25e2238a90965ebe_myvampireplusone2.webp]
[www.aardvarkbookclub.com/books/bride-ombre.html]
[www.aardvarkbookclub.com/books/mate.html]
[www.aardvarkbookclub.com/books/my-vampire-plus-one.html]
[cdn.prod.website-files.com/69a33078e92fb49d85319481/6a424506e288421ad4473070_6a423b200bf9243313f0a0bd_allthedarkplaces2.webp]
[www.aardvarkbookclub.com/books/the-autumn-springs-retirement-home-massacre.html]
[www.aardvarkbookclub.com/books/all-the-dark-places.html]
[cdn.prod.website-files.com/69a33078e92fb49d85319481/6a42446a44dc8dd7bad81dc3_6a423f28410a5d97a1259c33_thestardustgrail2.webp]
[www.aardvarkbookclub.com/books/the-stardust-grail.html]
[cdn.prod.website-files.com/69a33078e92fb49d85319481/6a4244d7f1686b067887c6b5_6a423ca22b6b7cd5bbd06962_thememoryofanimals2.webp]
[www.aardvarkbookclub.com/books/saltcrop.html]
[www.aardvarkbookclub.com/books/all-of-us-murderers.html]
[www.aardvarkbookclub.com/books/the-memory-of-animals.html]
[cdn.prod.website-files.com/69a33078e92fb49d85319481/6a4244bc6f4b90ac57dda81d_6a423d2880174ce063059d2a_zoralily2.webp]
[www.aardvarkbookclub.com/books/the-roaring-days-of-zora-lily.html]
[cdn.prod.website-files.com/69a33078e92fb49d85319481/6a4244fd6a7b9a839e031c1e_6a423b92d3b558fe4b0bfd5c_thehouseofeve2.webp]
[www.aardvarkbookclub.com/books/the-mad-wife.html]
[www.aardvarkbookclub.com/books/witch-you-would.html]
[www.aardvarkbookclub.com/books/you-werent-meant-to-be-human.html]
[www.aardvarkbookclub.com/books/lucky-day.html]
[www.aardvarkbookclub.com/books/the-house-of-eve.html]
[cdn.prod.website-files.com/69a33078e92fb49d85319481/6a42445b69101e03a702a561_6a423f6a31edd3f4b95d1f2d_sothirsty2.webp]
[www.aardvarkbookclub.com/books/coffin-moon.html]
[www.aardvarkbookclub.com/books/so-thirsty.html]
[cdn.prod.website-files.com/69a33078e92fb49d85319481/6a42446d3ffb7e4d110bac2d_6a423f192b6b7cd5bbd24333_theunraveling2.webp]
[www.aardvarkbookclub.com/books/the-unraveling.html]
[cdn.prod.website-files.com/69a33078e92fb49d85319481/6a42450e9bbbe616a8d587e8_6a423ad0967cafa67674f80f_theothersideofnight2.webp]
[www.aardvarkbookclub.com/books/the-wrong-daughter.html]
[www.aardvarkbookclub.com/books/the-other-side-of-night.html]
[cdn.prod.website-files.com/69a33078e92fb49d85319481/6a4244444029b3c0874ad2c7_6a423fe9410a5d97a1264f3b_privaterites2.webp]
[www.aardvarkbookclub.com/books/local-heavens.html]
[www.aardvarkbookclub.com/books/a-land-so-wide.html]
[www.aardvarkbookclub.com/books/private-rites.html]
[cdn.prod.website-files.com/69a33078e92fb49d85319481/6a4243f11715ca34ca72407a_6a42418b0bf9243313f5d7dd_hotgirlswithballs2.webp]
[www.aardvarkbookclub.com/books/hot-girls-with-balls.html]
[cdn.prod.website-files.com/69a33078e92fb49d85319481/6a4243fdda0a53b9c2c41b3f_6a42415f967cafa6767b1c26_thememorycollectors2.webp]
[www.aardvarkbookclub.com/books/the-memory-collectors.html]
[cdn.prod.website-files.com/69a33078e92fb49d85319481/6a42440b5b72bdbb96f2f4bf_6a42412abc9ab3a224a1cf28_juliechaninsdead2.webp]
[www.aardvarkbookclub.com/books/julie-chan-is-dead.html]
[cdn.prod.website-files.com/69a33078e92fb49d85319481/6a424412414b49fecdd4e0b0_6a424119dd6e97bdadb9e2d2_adropofcorruption2.webp]
[www.aardvarkbookclub.com/books/a-drop-of-corruption.html]
[cdn.prod.website-files.com/69a33078e92fb49d85319481/6a4244246a7b9a839e029522_6a42409f94291b582dc4c509_theunworthy2.webp]
[www.aardvarkbookclub.com/books/the-unworthy.html]
[cdn.prod.website-files.com/69a33078e92fb49d85319481/6a42442f31db3bec2c49f881_6a42406f7ad1fb01bfb2ee82_deadmoney2.webp]
[www.aardvarkbookclub.com/books/dead-money.html]
[cdn.prod.website-files.com/69a33078e92fb49d85319481/6a42443469f858fcfa63dde2_6a424059b393198ad09647d9_aftertheocean2.webp]
[www.aardvarkbookclub.com/books/after-the-ocean.html]
[cdn.prod.website-files.com/69a33078e92fb49d85319481/6a4244576a7b9a839e02bd9a_6a423f7f103ee8fd584c284a_coloredtelevision2.webp]
[www.aardvarkbookclub.com/books/colored-television.html]
[www.aardvarkbookclub.com/allbooks0343.html]
[www.aardvarkbookclub.com/allbooksa25f.html]
[www.aardvarkbookclub.com/books/the-devils.html]
[www.aardvarkbookclub.com/books/the-clinic.html]
[www.aardvarkbookclub.com/books/the-once-and-future-me.html]
[www.aardvarkbookclub.com/allbooks9fac.html]
[cdn.prod.website-files.com/69a33078e92fb49d85319481/6a4244c3135eec09604084bb_6a423d0336d69a7630a5aa53_rouge2.webp]
[www.aardvarkbookclub.com/books/the-fiction-writer.html]
[www.aardvarkbookclub.com/books/rouge.html]
[cdn.prod.website-files.com/69a33078e92fb49d85319481/6a42448e3ffb7e4d110bc82d_6a423e24af30b9c4c7213d1c_piglet2.webp]
[www.aardvarkbookclub.com/books/house-of-beth.html]
[www.aardvarkbookclub.com/books/the-djinn-waits-a-hundred-years.html]
[www.aardvarkbookclub.com/books/this-cursed-house.html]
[www.aardvarkbookclub.com/books/what-hunger.html]
[www.aardvarkbookclub.com/books/piglet.html]
[cdn.prod.website-files.com/69a33078e92fb49d85319481/6a424483e288421ad446d462_6a423e5c69caf660d2c55ed8_therulebook2.webp]
[www.aardvarkbookclub.com/books/the-rule-book.html]
[cdn.prod.website-files.com/69a33078e92fb49d85319481/6a42447715d2cf609e34d67c_6a423ee7bc9ab3a2249fe2ae_thissummerwillbedifferent2.webp]
[www.aardvarkbookclub.com/books/left-of-forever.html]
[www.aardvarkbookclub.com/books/flirting-with-disaster.html]
[www.aardvarkbookclub.com/books/this-summer-will-be-different.html]
[cdn.prod.website-files.com/69a33078e92fb49d85319481/6a4244bb44dc8dd7bad86b32_6a423d2edc2d79fdf170627b_theburnout2.webp]
[www.aardvarkbookclub.com/books/the-burnout.html]
[cdn.prod.website-files.com/69a33078e92fb49d85319481/6a4244da0ae83fc98f4917dc_6a423c9bbc9ab3a2249e4afb_sametimenextsummer2.webp]
[www.aardvarkbookclub.com/books/same-time-next-summer.html]
[cdn.prod.website-files.com/69a33078e92fb49d85319481/6a4244dd6a7b9a839e030c53_6a423c81410a5d97a1238672_practicemakesperfect2.webp]
[www.aardvarkbookclub.com/books/any-trope-but-you.html]
[www.aardvarkbookclub.com/books/the-hounding.html]
[www.aardvarkbookclub.com/books/practice-makes-perfect.html]
[cdn.prod.website-files.com/69a33078e92fb49d85319481/6a4244b66cc6cc6e9aaf5678_6a423d61aaeb90f67ce8ff91_thegoodpart2.webp]
[www.aardvarkbookclub.com/books/the-good-part.html]
[cdn.prod.website-files.com/69a33078e92fb49d85319481/6a424500023aebaf5b7a70b4_6a423b71b393198ad091f009_thesweetspot2.webp]
[www.aardvarkbookclub.com/books/the-sweet-spot.html]
[cdn.prod.website-files.com/69a33078e92fb49d85319481/6a42446b69f858fcfa640b8b_6a423f2004c70f8861e72dae_anovellovestory2.webp]
[www.aardvarkbookclub.com/books/when-the-world-tips-over.html]
[www.aardvarkbookclub.com/books/big-swiss.html]
[www.aardvarkbookclub.com/books/perfume-and-pain.html]
[www.aardvarkbookclub.com/books/i-was-a-teenage-slasher.html]
[www.aardvarkbookclub.com/books/wandering-stars.html]
[www.aardvarkbookclub.com/books/hungerstone.html]
[www.aardvarkbookclub.com/books/blood-on-her-tongue.html]
[www.aardvarkbookclub.com/books/james.html]
[www.aardvarkbookclub.com/books/junie.html]
[www.aardvarkbookclub.com/books/the-reformatory.html]
[www.aardvarkbookclub.com/books/the-buffalo-hunter-hunter.html]
[www.aardvarkbookclub.com/books/a-novel-love-story.html]
[cdn.prod.website-files.com/69a33078e92fb49d85319481/6a4244f3135eec096040ac85_6a423c00103ee8fd58496f07_whathappenedtoruthramirez2.webp]
[www.aardvarkbookclub.com/books/the-lightning-bottles.html]
[www.aardvarkbookclub.com/books/good-girl.html]
[www.aardvarkbookclub.com/books/a-love-song-for-ricki-wilde.html]
[www.aardvarkbookclub.com/books/bride.html]
[www.aardvarkbookclub.com/books/the-fake-mate.html]
[www.aardvarkbookclub.com/books/under-loch-and-key.html]
[www.aardvarkbookclub.com/books/expiration-dates.html]
[www.aardvarkbookclub.com/books/twice-in-a-lifetime.html]
[www.aardvarkbookclub.com/books/cassandra-in-reverse.html]
[www.aardvarkbookclub.com/books/what-happened-to-ruthy-ramirez.html]
[cdn.prod.website-files.com/69a33078e92fb49d85319481/6a42447208dd4e5525860648_6a423f0b967cafa676790524_liesandweddings2.webp]
[www.aardvarkbookclub.com/books/lovers-and-liars.html]
[www.aardvarkbookclub.com/books/lies-and-weddings.html]
[cdn.prod.website-files.com/69a33078e92fb49d85319481/6a4244df83b0570ce0ae8aa2_6a423c64103ee8fd5849ad99_ascension2.webp]
[www.aardvarkbookclub.com/books/dissolution.html]
[www.aardvarkbookclub.com/books/we-lived-on-the-horizon.html]
[www.aardvarkbookclub.com/books/death-of-the-author.html]
[www.aardvarkbookclub.com/books/too-old-for-this.html]
[www.aardvarkbookclub.com/books/you-know-what-you-did.html]
[www.aardvarkbookclub.com/books/bury-your-gays.html]
[www.aardvarkbookclub.com/books/a-spinsters-guide-to-danger-dukes.html]
[www.aardvarkbookclub.com/books/act-like-a-lady-think-like-a-lord.html]
[www.aardvarkbookclub.com/books/business-or-pleasure.html]
[www.aardvarkbookclub.com/books/unromance.html]
[www.aardvarkbookclub.com/books/baby-x.html]
[www.aardvarkbookclub.com/books/moderation.html]
[www.aardvarkbookclub.com/books/come-get-it.html]
[www.aardvarkbookclub.com/books/whoever-you-are-honey.html]
[www.aardvarkbookclub.com/books/the-warm-hands-of-ghosts.html]
[www.aardvarkbookclub.com/books/lady-macbeth.html]
[www.aardvarkbookclub.com/books/the-bright-sword.html]
[www.aardvarkbookclub.com/books/upon-a-starlit-tide.html]
[www.aardvarkbookclub.com/books/red-river-road.html]
[www.aardvarkbookclub.com/books/american-rapture.html]
[www.aardvarkbookclub.com/books/when-the-wolf-comes-home.html]
[www.aardvarkbookclub.com/books/salt-bones.html]
[www.aardvarkbookclub.com/books/ascension.html]
[cdn.prod.website-files.com/69a33078e92fb49d85319481/6a4244db135eec09604099a9_6a423c8e5424a3d9b7d02cdb_thechateau2.webp]
[www.aardvarkbookclub.com/books/tilt.html]
[www.aardvarkbookclub.com/books/you-are-fatally-invited.html]
[www.aardvarkbookclub.com/books/everyone-who-can-forgive-me-is-dead.html]
[www.aardvarkbookclub.com/books/how-can-i-help-you.html]
[www.aardvarkbookclub.com/books/amazing-grace-adams.html]
[www.aardvarkbookclub.com/books/none-of-this-would-have-happened-if-prince-were-alive.html]
[www.aardvarkbookclub.com/books/the-new-life.html]
[www.aardvarkbookclub.com/books/disappoint-me.html]
[www.aardvarkbookclub.com/books/small-worlds.html]
[www.aardvarkbookclub.com/books/learned-by-heart.html]
[www.aardvarkbookclub.com/books/bat-eater-and-other-names-for-cora-zeng.html]
[www.aardvarkbookclub.com/books/the-city-in-glass.html]
[www.aardvarkbookclub.com/books/sugar-baby.html]
[www.aardvarkbookclub.com/books/the-rachel-incident.html]
[www.aardvarkbookclub.com/books/catalina.html]
[www.aardvarkbookclub.com/books/what-its-like-in-words.html]
[www.aardvarkbookclub.com/books/the-strange-case-of-jane-o.html]
[www.aardvarkbookclub.com/books/singer-distance.html]
[www.aardvarkbookclub.com/books/bridge.html]
[www.aardvarkbookclub.com/books/the-chateau.html]
[cdn.prod.website-files.com/69a33078e92fb49d85319481/6a4244f5a987fa4783efe9bf_6a423be7c898ce880cde85bd_alikelystory2.webp]
[www.aardvarkbookclub.com/books/like-mother-like-mother.html]
[www.aardvarkbookclub.com/books/motheater.html]
[www.aardvarkbookclub.com/books/a-dark-and-drowning-tide.html]
[www.aardvarkbookclub.com/books/yours-for-the-taking.html]
[www.aardvarkbookclub.com/books/for-her-consideration.html]
[www.aardvarkbookclub.com/books/when-the-tides-held-the-moon.html]
[www.aardvarkbookclub.com/books/starter-villain.html]
[www.aardvarkbookclub.com/books/swamp-story.html]
[www.aardvarkbookclub.com/books/dreadful.html]
[www.aardvarkbookclub.com/books/mister-magic.html]
[www.aardvarkbookclub.com/books/where-you-end.html]
[www.aardvarkbookclub.com/books/memorials.html]
[www.aardvarkbookclub.com/books/the-last-murder-at-the-end-of-the-world.html]
[www.aardvarkbookclub.com/books/the-tainted-cup-reprint.html]
[www.aardvarkbookclub.com/books/a-likely-story.html]
[cdn.prod.website-files.com/69a33078e92fb49d85319481/6a4245166eafd2e371a09b9b_6a423a8b94291b582dbfbaf4_thehouseintheorchard2.webp]
[www.aardvarkbookclub.com/books/the-garden.html]
[www.aardvarkbookclub.com/books/a-sweet-sting-of-salt.html]
[www.aardvarkbookclub.com/books/the-original-daughter.html]
[www.aardvarkbookclub.com/books/the-house-in-the-orchard.html]
[cdn.prod.website-files.com/69a33078e92fb49d85319481/6a4244b96011ea361b6001c7_6a423d3b15a0eef21fe187e7_loveinterest2.webp]
[www.aardvarkbookclub.com/books/perfect-fit.html]
[www.aardvarkbookclub.com/books/well-actually.html]
[www.aardvarkbookclub.com/books/chain-gang-all-stars.html]
[www.aardvarkbookclub.com/books/look-in-the-mirror.html]
[www.aardvarkbookclub.com/books/perfectly-nice-neighbors.html]
[www.aardvarkbookclub.com/books/the-drowning-woman.html]
[www.aardvarkbookclub.com/books/the-serpent-and-the-wolf.html]
[www.aardvarkbookclub.com/books/the-scholar-and-the-last-faerie-door.html]
[www.aardvarkbookclub.com/books/masquerade.html]
[www.aardvarkbookclub.com/books/the-starving-saints.html]
[www.aardvarkbookclub.com/books/love-interest.html]
[cdn.prod.website-files.com/69a33078e92fb49d85319481/6a4244ad3ffb7e4d110bd669_6a423d7fa348981a7da9205f_whatwaitsinthewoods2.webp]
[www.aardvarkbookclub.com/books/how-to-solve-your-own-murder.html]
[www.aardvarkbookclub.com/books/rabbit-hole.html]
[www.aardvarkbookclub.com/books/the-other-half.html]
[www.aardvarkbookclub.com/books/what-waits-in-the-woods.html]
[cdn.prod.website-files.com/69a33078e92fb49d85319481/6a42451408dd4e552586694d_6a423a9f25e2238a909246bd_themarshqueen2.webp]
[www.aardvarkbookclub.com/books/48-clues-into-the-disappearance-of-my-sister.html]
[www.aardvarkbookclub.com/books/mistress-of-lies.html]
[www.aardvarkbookclub.com/books/the-magicians-daughter.html]
[www.aardvarkbookclub.com/books/meredith-alone.html]
[www.aardvarkbookclub.com/books/the-resurrectionist.html]
[www.aardvarkbookclub.com/books/where-i-end.html]
[www.aardvarkbookclub.com/books/party-of-liars.html]
[www.aardvarkbookclub.com/books/cross-my-heart.html]
[www.aardvarkbookclub.com/books/the-marsh-queen.html]
[cdn.prod.website-files.com/69a33078e92fb49d85319481/6a4244b36f0f91c721060e62_6a423d6815a419c5d6fde6ce_thefavorites2.webp]
[www.aardvarkbookclub.com/books/the-favorites.html]
[cdn.prod.website-files.com/69a33078e92fb49d85319481/6a4244ba0ba1ee06e9fdba8d_6a423d34166ceab897695991_midnightisthedarkesthour2.webp]
[www.aardvarkbookclub.com/books/someone-knows.html]
[www.aardvarkbookclub.com/books/the-pretender.html]
[www.aardvarkbookclub.com/books/eleanore-of-avignon.html]
[www.aardvarkbookclub.com/books/midnight-is-the-darkest-hour.html]
[cdn.prod.website-files.com/69a33078e92fb49d85319481/6a4244d6044257e333751ee8_6a423ca8f8f18c2ae1c1a8d0_theparisdaughter2.webp]
[www.aardvarkbookclub.com/books/california-golden.html]
[www.aardvarkbookclub.com/books/sounds-like-love.html]
[www.aardvarkbookclub.com/books/back-after-this.html]
[www.aardvarkbookclub.com/books/death-of-a-bookseller.html]
[www.aardvarkbookclub.com/books/an-american-beauty.html]
[www.aardvarkbookclub.com/books/gilded-mountain.html]
[www.aardvarkbookclub.com/books/a-brief-history-of-living-forever.html]
[www.aardvarkbookclub.com/books/the-paris-daughter.html]
[cdn.prod.website-files.com/69a33078e92fb49d85319481/6a42447ff1686b0678877192_6a423ed4967cafa67678e746_ghoststation2.webp]
[www.aardvarkbookclub.com/books/immaculate-conception.html]
[www.aardvarkbookclub.com/books/ithaca.html]
[www.aardvarkbookclub.com/books/how-to-hide-in-plain-sight.html]
[www.aardvarkbookclub.com/books/the-truth-according-to-ember.html]
[www.aardvarkbookclub.com/books/the-eyes-are-the-best-part.html]
[www.aardvarkbookclub.com/books/evocation.html]
[www.aardvarkbookclub.com/books/a-witchs-guide-to-magical-innkeeping.html]
[www.aardvarkbookclub.com/books/the-house-of-last-resort.html]
[www.aardvarkbookclub.com/books/the-guest.html]
[www.aardvarkbookclub.com/books/factory-girls.html]
[www.aardvarkbookclub.com/books/alter-ego.html]
[www.aardvarkbookclub.com/books/diavola.html]
[www.aardvarkbookclub.com/books/desert-creatures.html]
[www.aardvarkbookclub.com/books/happy-medium.html]
[www.aardvarkbookclub.com/books/my-vampire-plus-one.html]
[www.aardvarkbookclub.com/books/all-the-dark-places.html]
[www.aardvarkbookclub.com/books/the-stardust-grail.html]
[www.aardvarkbookclub.com/books/the-memory-of-animals.html]
[www.aardvarkbookclub.com/books/the-roaring-days-of-zora-lily.html]
[www.aardvarkbookclub.com/books/the-house-of-eve.html]
[www.aardvarkbookclub.com/books/ghost-station.html]
[cdn.prod.website-files.com/69a33078e92fb49d85319481/6a4244c010fb96901e6565fb_6a423d0e1fd1c124974b9af2_blacksheep2.webp]
[www.aardvarkbookclub.com/books/so-thirsty.html]
[www.aardvarkbookclub.com/books/the-unraveling.html]
[www.aardvarkbookclub.com/books/the-other-side-of-night.html]
[www.aardvarkbookclub.com/books/private-rites.html]
[www.aardvarkbookclub.com/books/hot-girls-with-balls.html]
[www.aardvarkbookclub.com/books/the-memory-collectors.html]
[cdn.prod.website-files.com/69a33078e92fb49d85319481/6a4244e35723c658c10c08e1_6a423c4c7b16e8aca2fc8832_theperfectstorm2.webp]
[www.aardvarkbookclub.com/books/the-perfect-ones.html]
[cdn.prod.website-files.com/69a33078e92fb49d85319481/6a4244fb83b0570ce0ae9fc2_6a423b9cf3c6737dc64d6200_liardreamerthief2.webp]
[www.aardvarkbookclub.com/books/julie-chan-is-dead.html]
[www.aardvarkbookclub.com/books/a-drop-of-corruption.html]
[www.aardvarkbookclub.com/books/the-unworthy.html]
[www.aardvarkbookclub.com/books/dead-money.html]
[www.aardvarkbookclub.com/books/after-the-ocean.html]
[www.aardvarkbookclub.com/books/colored-television.html]
[www.aardvarkbookclub.com/allbooks0343.html]
[www.aardvarkbookclub.com/books/liar-dreamer-thief.html]
[cdn.prod.website-files.com/69a33078e92fb49d85319481/6a42449d0ba1ee06e9fd9ab2_6a423df85424a3d9b7d13f81_valleyverified2.webp]
[www.aardvarkbookclub.com/books/valley-verified.html]
[www.aardvarkbookclub.com/books/the-tainted-cup.html]
[cdn.prod.website-files.com/69a33078e92fb49d85319481/6a4244be6eafd2e371a063f2_6a423d146a971a161097dc3e_deathvalley2.webp]
[www.aardvarkbookclub.com/books/death-valley.html]
[cdn.prod.website-files.com/69a33078e92fb49d85319481/6a4244cae288421ad447036c_6a423cde31edd3f4b95aecb1_thelonggame2.webp]
[www.aardvarkbookclub.com/books/the-long-game.html]
[www.aardvarkbookclub.com/allbooks9fac.html]
[www.aardvarkbookclub.com/books/rouge.html]
[www.aardvarkbookclub.com/books/piglet.html]
[www.aardvarkbookclub.com/books/the-rule-book.html]
[www.aardvarkbookclub.com/books/this-summer-will-be-different.html]
[www.aardvarkbookclub.com/books/the-burnout.html]
[www.aardvarkbookclub.com/books/same-time-next-summer.html]
[www.aardvarkbookclub.com/books/practice-makes-perfect.html]
[www.aardvarkbookclub.com/books/the-good-part.html]
[www.aardvarkbookclub.com/books/the-sweet-spot.html]
[www.aardvarkbookclub.com/books/a-novel-love-story.html]
[www.aardvarkbookclub.com/books/what-happened-to-ruthy-ramirez.html]
[www.aardvarkbookclub.com/books/lies-and-weddings.html]
[www.aardvarkbookclub.com/books/ascension.html]
[www.aardvarkbookclub.com/books/the-chateau.html]
[www.aardvarkbookclub.com/books/a-likely-story.html]
[www.aardvarkbookclub.com/books/the-house-in-the-orchard.html]
[www.aardvarkbookclub.com/books/love-interest.html]
[www.aardvarkbookclub.com/books/what-waits-in-the-woods.html]
[www.aardvarkbookclub.com/books/the-marsh-queen.html]
[www.aardvarkbookclub.com/books/the-favorites.html]
[www.aardvarkbookclub.com/books/midnight-is-the-darkest-hour.html]
[www.aardvarkbookclub.com/books/the-paris-daughter.html]
[www.aardvarkbookclub.com/books/ghost-station.html]
[www.aardvarkbookclub.com/books/the-perfect-ones.html]
[www.aardvarkbookclub.com/books/liar-dreamer-thief.html]
[www.aardvarkbookclub.com/books/valley-verified.html]
[www.aardvarkbookclub.com/books/the-tainted-cup.html]
[www.aardvarkbookclub.com/books/death-valley.html]
[www.aardvarkbookclub.com/books/the-long-game.html]
[www.aardvarkbookclub.com/allbooks0489.html]
[www.aardvarkbookclub.com/books/black-sheep]
[cdn.prod.website-files.com/69a33078e92fb49d85319481/6a4244e5582f1e42ca3bff64_6a423c2e31edd3f4b95a612f_thisbirdhasflown2.webp]
[www.aardvarkbookclub.com/books/this-bird-has-flown.html]
[cdn.prod.website-files.com/69a33078e92fb49d85319481/6a4244f71457999a47cc550f_6a423bcf21916c5202ced9b6_sink2.webp]
[www.aardvarkbookclub.com/books/sink-a-memoir.html]
[cdn.prod.website-files.com/69a33078e92fb49d85319481/6a4244feb84913d5de1d31a1_6a423b8665aff863e1a2f575_thedreambuilders2.webp]
[www.aardvarkbookclub.com/books/the-dream-builders.html]
[cdn.prod.website-files.com/69a33078e92fb49d85319481/6a4244ffb1fd6ce7119961b2_6a423b7cb393198ad091f4c6_ahalfbakedmurder2.webp]
[www.aardvarkbookclub.com/books/a-half-baked-murder.html]
[cdn.prod.website-files.com/69a33078e92fb49d85319481/6a4245034029b3c0874b5acb_6a423b3c9fca0dfe791c7b59_thekeytomyheart2.webp]
[www.aardvarkbookclub.com/books/the-key-to-my-heart.html]
[cdn.prod.website-files.com/69a33078e92fb49d85319481/6a4245035723c658c10c206c_6a423b330bf9243313f0ab69_howtoturnintoabird2.webp]
[www.aardvarkbookclub.com/books/how-to-turn-into-a-bird.html]
[cdn.prod.website-files.com/69a33078e92fb49d85319481/6a424509bd731ea726a0a54c_6a423b1636d69a7630a4029b_aesthetica2.webp]
[www.aardvarkbookclub.com/books/aesthetica.html]
[cdn.prod.website-files.com/69a33078e92fb49d85319481/6a42450f3c976a8500abaf24_6a423ac50a306d180296389f_thesocialitesguidetomurder2.webp]
[www.aardvarkbookclub.com/books/the-socialites-guide-to-murder.html]
[cdn.prod.website-files.com/69a33078e92fb49d85319481/6a424510e288421ad4473af0_6a423abb80174ce06303e130_closertookay2.webp]
[www.aardvarkbookclub.com/books/closer-to-okay.html]
[cdn.prod.website-files.com/69a33078e92fb49d85319481/6a424517f1686b067887ec67_6a423a7e166ceab89766e08d_thenightship2.webp]
[www.aardvarkbookclub.com/allbooks0489.html]
[www.aardvarkbookclub.com/books/black-sheep]
[www.aardvarkbookclub.com/books/this-bird-has-flown.html]
[www.aardvarkbookclub.com/books/sink-a-memoir.html]
[www.aardvarkbookclub.com/books/the-dream-builders.html]
[www.aardvarkbookclub.com/books/a-half-baked-murder.html]
[www.aardvarkbookclub.com/books/the-key-to-my-heart.html]
[www.aardvarkbookclub.com/books/how-to-turn-into-a-bird.html]
[www.aardvarkbookclub.com/books/aesthetica.html]
[www.aardvarkbookclub.com/books/the-socialites-guide-to-murder.html]
[www.aardvarkbookclub.com/books/closer-to-okay.html]
[www.aardvarkbookclub.com/books/the-night-ship.html]
[www.aardvarkbookclub.com/books/the-night-ship.html]
