[specia1ne.com/index.html]
[backblue.gif]
[fade.gif]
[index.html]
[specia1ne.com/fonts/geist/geist-regular.woff2]
[specia1ne.com/fonts/geist/geist-700.woff2]
[specia1ne.com/fonts/geist-mono/geist-mono-regular.woff2]
[specia1ne.com/favicons/favicon.svg]
[specia1ne.com/favicon.ico]
[specia1ne.com/favicons/favicon-32.png]
[specia1ne.com/favicons/apple-touch-icon.png]
[specia1ne.com/favicons/safari-pinned-tab.svg]
[specia1ne.com/_astro/global.yPMqHDAu.css]
[specia1ne.com/scripts/revealcc5a.js]
[specia1ne.com/privacy/index.html]
[specia1ne.com/terms/index.html]
[specia1ne.com/scripts/site-overlaycc5a.js]
[specia1ne.com/scripts/contact-formcc5a.js]
[specia1ne.com/scripts/site-buttonscc5a.js]
[specia1ne.com/scripts/hero-timecc5a.js]
[specia1ne.com/index.html]
[specia1ne.com/favicons/favicon.svg]
[specia1ne.com/favicons/safari-pinned-tab.svg]
[specia1ne.com/_astro/index.astro_astro_type_script_index_0_lang.D5YMcC6f.js]
[specia1ne.com/fonts/geist/geist-500.woff2]
[specia1ne.com/fonts/geist/geist-600.woff2]
[specia1ne.com/fonts/geist-mono/geist-mono-500.woff2]
[specia1ne.com/_astro/global.yPMqHDAu.css]
[specia1ne.com/brand/specia1ne-logo.svg]
[specia1ne.com/_astro/LegalPageLayout.DTuFiFfx.css]
[specia1ne.com/privacy/index.html]
[specia1ne.com/terms/index.html]
[specia1ne.com/brand/specia1ne-logo.svg]
[specia1ne.com/_astro/LegalPageLayout.DTuFiFfx.css]
[specia1ne.com/_astro/LegalPageLayout.astro_astro_type_script_index_0_lang.8ONRgHoL.js]
