[doomsdale.com/index.html]
[doomsdale.com/_next/static/css/index.j8LkJGDc.css]
[doomsdale.com/_next/static/css/customizable-clock-experience.D2mo7x9U.css]
[doomsdale.com/_next/static/chunks/index-BHYMNYaX.js]
[doomsdale.com/_next/static/chunks/rolldown-runtime-hePW80VL.js]
[doomsdale.com/_next/static/chunks/framework-DTZGTDtF.js]
[doomsdale.com/_next/static/chunks/vinext-C3tK8EEC.js]
[doomsdale.com/_next/static/chunks/layout-segment-context-D7tEF4yj.js]
[doomsdale.com/_next/static/chunks/customizable-clock-experience-5uxgQsLv.js]
[backblue.gif]
[fade.gif]
[index.html]
[doomsdale.com/_next/static/chunks/run-cleanups-CWvul6tS.js]
[doomsdale.com/favicon.ico]
[doomsdale.com/favicon-32x32.png]
[doomsdale.com/apple-touch-icon.png]
[doomsdale.com/_next/static/media/anton-latin-400.Byf51wtH.woff2]
[doomsdale.com/_next/static/media/jetbrains-mono-latin-variable.D000Msq0.woff2]
[doomsdale.com/_next/static/media/archivo-black-latin-400.BxoSh3FT.woff2]
[doomsdale.com/index.html]
[doomsdale.com/_next/static/css/index.j8LkJGDc.css]
[doomsdale.com/_next/static/css/customizable-clock-experience.D2mo7x9U.css]
[doomsdale.com/_next/static/media/vt323-latin-400.wDgJuOC9.woff2]
